Script started on Sun 25 Nov 2018 01:29:21 AM PST
[rmagdalu@bondi hw4]$ make
gcc -Wall -ansi -std=c99 -c Image.c -o Image.o
gcc -Wall -ansi -std=c99 -c Test.c -o Test.o
gcc -Wall -ansi -std=c99 -c FileIO.c -o FileIO.o
gcc -Wall -ansi -std=c99 -c PhotoLab.c -o PhotoLab.o
gcc -Wall -ansi -std=c99 -c DIPs.c -o DIPs.o
gcc -Wall -ansi -std=c99 -c Advanced.c -o Advanced.o
ar rcs libFilter.a DIPs.o Advanced.o
gcc -Wall -ansi -std=c99 -lm Image.o Test.o FileIO.o PhotoLab.o -lFilter -lm -L. -o PhotoLab
gcc -Wall -ansi -std=c99 -c -g -DDEBUG PhotoLab.c -o PhotoLabTest.o
gcc -Wall -ansi -std=c99 -lm Image.o Test.o FileIO.o PhotoLabTest.o -lFilter -lm -L. -o PhotoLabTest 
[rmagdalu@bondi hw4]$ ./PhotoLab
Please make a choice.
--------------------
1: Load a PPM image
2: Save a PPM image
3: Change image to Black and White
4: Sketch the edge of an image
5: Shuffle an image
6: Adjust the brightness of an image
7: Mirror an image horizontally
8: Adjust the hue of an image
9: Rotate or flip the image
10: Resize the image
11: Saturate the image
12: Test all functions
13: Exit
12
Sorry the image you are trying to access is unitializied. Please load a valid image.
Please make a choice.
--------------------
1: Load a PPM image
2: Save a PPM image
3: Change image to Black and White
4: Sketch the edge of an image
5: Shuffle an image
6: Adjust the brightness of an image
7: Mirror an image horizontally
8: Adjust the hue of an image
9: Rotate or flip the image
10: Resize the image
11: Saturate the image
12: Test all functions
13: Exit
13
[rmagdalu@bondi hw4]$ !vim[K[K[K[Kscript[K[K[K[K[K[Kls
Advanced.c  Constants.h  FileIO.h   Image.o      PhotoLab.c      Test.h
Advanced.h  DIPs.c       FileIO.o   ImageTest.c  PhotoLab.o      Test.o
Advanced.o  DIPs.h       [0m[38;5;13mHSSOE.ppm[0m  libFilter.a  [38;5;34mPhotoLabTest[0m    typescript
[38;5;13manime.ppm[0m   DIPs.o       Image.c    Makefile     PhotoLabTest.o
[38;5;13mcone.ppm[0m    FileIO.c     Image.h    [38;5;34mPhotoLab[0m     Test.c
[m[rmagdalu@bondi hw4]$ rm typescript
[rmagdalu@bondi hw4]$ script
Script started, file is typescript
[rmagdalu@bondi hw4]$ make
make: Nothing to be done for `all'.
[rmagdalu@bondi hw4]$ end[K[Kxit
exit
Script done, file is typescript
[rmagdalu@bondi hw4]$ rm typescript
[rmagdalu@bondi hw4]$ make clean
rm -f *.o *.a *.jpg bw.ppm edge.ppm shuffle.ppm brightness.ppm hmirror.ppm hue.ppm rotate.ppm hflip.ppm saturate.ppm smallresize.ppm bigresize.ppm 
rm -f PhotoLab
rm -f PhotoLabTest
[rmagdalu@bondi hw4]$ ls -lt
total 14676
-rw------- 1 rmagdalu ugrad    12652 Nov 25 01:27 Advanced.c
-rw------- 1 rmagdalu ugrad     7466 Nov 25 01:21 PhotoLab.c
-rw------- 1 rmagdalu ugrad     1933 Nov 24 17:52 Makefile
-rw------- 1 rmagdalu ugrad     6359 Nov 24 17:48 DIPs.c
-rw------- 1 rmagdalu ugrad     3870 Nov 24 17:48 Test.c
-rw------- 1 rmagdalu ugrad      968 Nov 24 16:28 Advanced.h
-rw------- 1 rmagdalu ugrad   720015 Nov 24 14:51 [0m[38;5;13mcone.ppm[0m
-rw------- 1 rmagdalu ugrad      584 Nov 24 12:47 Test.h
-rw------- 1 rmagdalu ugrad      505 Nov 24 12:20 FileIO.h
-rw------- 1 rmagdalu ugrad     1744 Nov 24 12:12 Image.h
-rw------- 1 rmagdalu ugrad     3175 Nov 24 11:46 FileIO.c
-rw------- 1 rmagdalu ugrad 13440017 Nov 22 01:01 [38;5;13manime.ppm[0m
-rw------- 1 rmagdalu ugrad      756 Nov 21 02:33 Constants.h
-rw------- 1 rmagdalu ugrad      565 Nov 20 17:42 DIPs.h
-rw------- 1 rmagdalu ugrad     3466 Nov 20 15:33 Image.c
-rw------- 1 rmagdalu ugrad   720015 Nov 19 20:22 [38;5;13mHSSOE.ppm[0m
-rw------- 1 rmagdalu ugrad      328 Nov 18 11:13 ImageTest.c
[m[rmagdalu@bondi hw4]$ :q
:q: Command not found.
[rmagdalu@bondi hw4]$ script
Script started, file is typescript
[rmagdalu@bondi hw4]$ make
gcc -Wall -ansi -std=c99 -c Image.c -o Image.o
gcc -Wall -ansi -std=c99 -c Test.c -o Test.o
gcc -Wall -ansi -std=c99 -c FileIO.c -o FileIO.o
gcc -Wall -ansi -std=c99 -c PhotoLab.c -o PhotoLab.o
gcc -Wall -ansi -std=c99 -c DIPs.c -o DIPs.o
gcc -Wall -ansi -std=c99 -c Advanced.c -o Advanced.o
ar rcs libFilter.a DIPs.o Advanced.o
gcc -Wall -ansi -std=c99 -lm Image.o Test.o FileIO.o PhotoLab.o -lFilter -lm -L. -o PhotoLab
gcc -Wall -ansi -std=c99 -c -g -DDEBUG PhotoLab.c -o PhotoLabTest.o
gcc -Wall -ansi -std=c99 -lm Image.o Test.o FileIO.o PhotoLabTest.o -lFilter -lm -L. -o PhotoLabTest 
[rmagdalu@bondi hw4]$ ./PhotoLab
Please make a choice.
--------------------
1: Load a PPM image
2: Save a PPM image
3: Change image to Black and White
4: Sketch the edge of an image
5: Shuffle an image
6: Adjust the brightness of an image
7: Mirror an image horizontally
8: Adjust the hue of an image
9: Rotate or flip the image
10: Resize the image
11: Saturate the image
12: Test all functions
13: Exit
1
Please enter a file name.
HSSOE
HSSOE.ppm was read.
Please make a choice.
--------------------
1: Load a PPM image
2: Save a PPM image
3: Change image to Black and White
4: Sketch the edge of an image
5: Shuffle an image
6: Adjust the brightness of an image
7: Mirror an image horizontally
8: Adjust the hue of an image
9: Rotate or flip the image
10: Resize the image
11: Saturate the image
12: Test all functions
13: Exit
12
HSSOE.ppm was read.
Image was successfully converted to black and white.
bw.ppm was saved. 
bw.jpg was stored.
HSSOE.ppm was read.
Image was successfully converted to show edges.
edge.ppm was saved. 
edge.jpg was stored.
HSSOE.ppm was read.
The image has been successfully shuffled!
shuffle.ppm was saved. 
shuffle.jpg was stored.
HSSOE.ppm was read.
Image's brightness successfully adjusted by 200.
brightness.ppm was saved. 
brightness.jpg was stored.
HSSOE.ppm was read.
Image was mirrored successfully
hmirror.ppm was saved. 
hmirror.jpg was stored.
HSSOE.ppm was read.
The image's hue has been successfully rotated by -1.50 rad.
hue.ppm was saved. 
hue.jpg was stored.
HSSOE.ppm was read.
Image was successfully rotated.
rotate.ppm was saved. 
rotate.jpg was stored.
HSSOE.ppm was read.
Image was successfully rotated.
hflip.ppm was saved. 
hflip.jpg was stored.
HSSOE.ppm was read.
Image was successfully resized by 60%.
smallresize.ppm was saved. 
smallresize.jpg was stored.
HSSOE.ppm was read.
Image was successfully resized by 170%.
bigresize.ppm was saved. 
bigresize.jpg was stored.
HSSOE.ppm was read.
Image saturation successfully modified to 90.00%
saturate.ppm was saved. 
saturate.jpg was stored.
Please make a choice.
--------------------
1: Load a PPM image
2: Save a PPM image
3: Change image to Black and White
4: Sketch the edge of an image
5: Shuffle an image
6: Adjust the brightness of an image
7: Mirror an image horizontally
8: Adjust the hue of an image
9: Rotate or flip the image
10: Resize the image
11: Saturate the image
12: Test all functions
13: Exit
13
[rmagdalu@bondi hw4]$ valgrind --leacheck[K[K[K[K[Kkcheck[K[K[K[K[K-check=full PHo[K[KhotoLabTest
valgrind: PhotoLabTest: command not found
[rmagdalu@bondi hw4]$ valgrind --leak-check=full PhotoLabTest [4h.[4l[4h/[4l
==166419== Memcheck, a memory error detector
==166419== Copyright (C) 2002-2012, and GNU GPL'd, by Julian Seward et al.
==166419== Using Valgrind-3.8.1 and LibVEX; rerun with -h for copyright info
==166419== Command: ./PhotoLabTest
==166419== 
HSSOE.ppm was read.
Image was successfully converted to black and white.
bw.ppm was saved. 
bw.jpg was stored.
HSSOE.ppm was read.
Image was successfully converted to show edges.
edge.ppm was saved. 
edge.jpg was stored.
HSSOE.ppm was read.
The image has been successfully shuffled!
shuffle.ppm was saved. 
shuffle.jpg was stored.
HSSOE.ppm was read.
Image's brightness successfully adjusted by 200.
brightness.ppm was saved. 
brightness.jpg was stored.
HSSOE.ppm was read.
Image was mirrored successfully
hmirror.ppm was saved. 
hmirror.jpg was stored.
HSSOE.ppm was read.
The image's hue has been successfully rotated by -1.50 rad.
hue.ppm was saved. 
hue.jpg was stored.
HSSOE.ppm was read.
Image was successfully rotated.
rotate.ppm was saved. 
rotate.jpg was stored.
HSSOE.ppm was read.
Image was successfully rotated.
hflip.ppm was saved. 
hflip.jpg was stored.
HSSOE.ppm was read.
Image was successfully resized by 60%.
smallresize.ppm was saved. 
smallresize.jpg was stored.
HSSOE.ppm was read.
Image was successfully resized by 170%.
bigresize.ppm was saved. 
bigresize.jpg was stored.
HSSOE.ppm was read.
Image saturation successfully modified to 90.00%
saturate.ppm was saved. 
saturate.jpg was stored.
==166419== 
==166419== HEAP SUMMARY:
==166419==     in use at exit: 0 bytes in 0 blocks
==166419==   total heap usage: 87 allocs, 87 frees, 12,433,072 bytes allocated
==166419== 
==166419== All heap blocks were freed -- no leaks are possible
==166419== 
==166419== For counts of detected and suppressed errors, rerun with: -v
==166419== ERROR SUMMARY: 0 errors from 0 contexts (suppressed: 8 from 6)
[rmagdalu@bondi hw4]$ make clean
rm -f *.o *.a *.jpg bw.ppm edge.ppm shuffle.ppm brightness.ppm hmirror.ppm hue.ppm rotate.ppm hflip.ppm saturate.ppm smallresize.ppm bigresize.ppm 
rm -f PhotoLab
rm -f PhotoLabTest
[rmagdalu@bondi hw4]$ exit
exit
Script done, file is typescript
[rmagdalu@bondi hw4]$ vim typescript
[?47h[2;1Hâ–½[6n[2;1H  [1;1H[1;43r[27m[24m[0m[H[J[?25l[43;1H"typescript" 177L, 5683C[1;1HScript started on Sun 25 Nov 2018 01:30:42 AM PST
[rmagdalu@bondi hw4]$ make[34m^M^M[0m
gcc -Wall -ansi -std=c99 -c Image.c -o Image.o[34m^M[0m
gcc -Wall -ansi -std=c99 -c Test.c -o Test.o[34m^M[0m
gcc -Wall -ansi -std=c99 -c FileIO.c -o FileIO.o[34m^M[0m
gcc -Wall -ansi -std=c99 -c PhotoLab.c -o PhotoLab.o[34m^M[0m
gcc -Wall -ansi -std=c99 -c DIPs.c -o DIPs.o[34m^M[0m
gcc -Wall -ansi -std=c99 -c Advanced.c -o Advanced.o[34m^M[0m
ar rcs libFilter.a DIPs.o Advanced.o[34m^M[0m
gcc -Wall -ansi -std=c99 -lm Image.o Test.o FileIO.o PhotoLab.o -lFilter -lm -L. -o P[11;1HhotoLab[34m^M[0m
gcc -Wall -ansi -std=c99 -c -g -DDEBUG PhotoLab.c -o PhotoLabTest.o[34m^M[0m
gcc -Wall -ansi -std=c99 -lm Image.o Test.o FileIO.o PhotoLabTest.o -lFilter -lm -L.
-o PhotoLabTest [34m^M[0m
[rmagdalu@bondi hw4]$ ./PhotoLab[34m^M^M[0m
Please make a choice.[34m^M[0m
--------------------[34m^M[0m
1: Load a PPM image[34m^M[0m
2: Save a PPM image[34m^M[0m
3: Change image to Black and White[34m^M[0m
4: Sketch the edge of an image[34m^M[0m
5: Shuffle an image[34m^M[0m
6: Adjust the brightness of an image[34m^M[0m
7: Mirror an image horizontally[34m^M[0m
8: Adjust the hue of an image[34m^M[0m
9: Rotate or flip the image[34m^M[0m
10: Resize the image[34m^M[0m
11: Saturate the image[34m^M[0m
12: Test all functions[34m^M[0m
13: Exit[34m^M[0m
1[34m^M[0m
Please enter a file name.[34m^M[0m
HSSOE[34m^M[0m
HSSOE.ppm was read.[34m^M[0m
Please make a choice.[34m^M[0m
--------------------[34m^M[0m
1: Load a PPM image[34m^M[0m
2: Save a PPM image[34m^M[0m
3: Change image to Black and White[34m^M[0m
4: Sketch the edge of an image[34m^M[0m
5: Shuffle an image[34m^M[0m
6: Adjust the brightness of an image[34m^M[0m[43;68H1,1[11CTop[1;1H[?25h[?25l
[106m[[18C][0m[43;68H2[2;1H[?25h[?25l[[18C][43;68H3[3;1H[?25h[?25l[43;68H4[4;1H[?25h[?25l[43;68H5[5;1H[?25h[?25l[43;68H6[6;1H[?25h[?25l[43;68H7[7;1H[?25h[?25l[43;68H8[8;1H[?25h[?25l[43;68H9[9;1H[?25h[?25l[43;68H10,1[10;1H[?25h[?25l[43;69H1[12;1H[?25h[?25l[43;69H2[13;1H[?25h[?25l

[106m[[18C][0m[43;69H3[15;1H[?25h[?25l[[18C][43;69H4[16;1H[?25h[?25l[43;69H5[17;1H[?25h[?25l[43;69H6[18;1H[?25h[?25l[43;69H7[19;1H[?25h[?25l[43;69H8[20;1H[?25h[?25l[43;69H9[21;1H[?25h[?25l[43;68H20[22;1H[?25h[?25l[43;69H1[23;1H[?25h[?25l[43;69H2[24;1H[?25h[?25l[43;69H3[25;1H[?25h[?25l[43;69H4[26;1H[?25h[?25l[43;69H5[27;1H[?25h[?25l[43;69H6[28;1H[?25h[?25l[43;69H7[29;1H[?25h[?25l[43;69H8[30;1H[?25h[?25l[43;69H9[31;1H[?25h[?25l[43;68H30[32;1H[?25h[?25l[43;69H1[33;1H[?25h[?25l[43;69H2[34;1H[?25h[?25l[43;69H3[35;1H[?25h[?25l[43;69H4[36;1H[?25h[?25l[43;69H5[37;1H[?25h[?25l[43;69H6[38;1H[?25h[?25l[43;69H7[39;1H[?25h[?25l[43;69H8[40;1H[?25h[?25l[43;69H9[41;1H[?25h[?25l[43;68H40[42;1H[?25h[?25l[1;42r[42;1H
[1;43r[42;1H7: Mirror an image horizontally[34m^M[0m[43;1H[K[43;68H41,1[11C0%[42;1H[?25h[?25l[1;42r[42;1H
[1;43r[42;1H8: Adjust the hue of an image[34m^M[0m[43;68H[K[43;68H42,1[11C1%[42;1H[?25h[?25l[1;42r[42;1H
[1;43r[42;1H9: Rotate or flip the image[34m^M[0m[43;68H[K[43;68H43,1[11C2%[42;1H[?25h[?25l[1;42r[42;1H
[1;43r[42;1H10: Resize the image[34m^M[0m[43;68H[K[43;68H44,1[11C2%[42;1H[?25h[?25l[1;42r[42;1H
[1;43r[42;1H11: Saturate the image[34m^M[0m[43;68H[K[43;68H45,1[11C3%[42;1H[?25h[?25l[1;42r[42;1H
[1;43r[42;1H12: Test all functions[34m^M[0m[43;68H[K[43;68H46,1[11C4%[42;1H[?25h[?25l[1;42r[42;1H
[1;43r[42;1H13: Exit[34m^M[0m[43;68H[K[43;68H47,1[11C5%[42;1H[?25h[?25l[1;42r[42;1H
[1;43r[42;1H12[34m^M[0m[43;68H[K[43;68H48,1[11C5%[42;1H[?25h[?25l[1;42r[42;1H
[1;43r[42;1HHSSOE.ppm was read.[34m^M[0m[43;68H[K[43;68H49,1[11C6%[42;1H[?25h[?25l[1;42r[1;1H[2M[1;43r[41;1HImage was successfully converted to black and white.[34m^M[0m
bw.ppm was saved. [34m^M[0m[43;68H[K[43;68H50,1[11C7%[41;1H[?25h[?25l[43;69H1[42;1H[?25h[?25l[1;42r[42;1H
[1;43r[42;1Hbw.jpg was stored.[34m^M[0m[43;68H[K[43;68H52,1[11C8%[42;1H[?25h[?25l[1;42r[1;1H[2M[1;43r[41;1HHSSOE.ppm was read.[34m^M[0m
Image was successfully converted to show edges.[34m^M[0m[43;68H[K[43;68H53,1[11C8%[41;1H[?25h[?25l[43;69H4[42;1H[?25h[?25l[1;42r[42;1H
[1;43r[42;1Hedge.ppm was saved. [34m^M[0m[43;68H[K[43;68H55,1[11C9%[42;1H[?25h[?25l[1;42r[42;1H
[1;43r[42;1Hedge.jpg was stored.[34m^M[0m[43;68H[K[43;68H56,1[10C10%[42;1H[?25h[?25l[1;42r[42;1H
[1;43r[42;1HHSSOE.ppm was read.[34m^M[0m[43;68H[K[43;68H57,1[10C11%[42;1H[?25h[?25l[1;42r[42;1H
[1;43r[42;1HThe image has been successfully shuffled![34m^M[0m[43;68H[K[43;68H58,1[10C11%[42;1H[?25h[?25l[1;42r[42;1H
[1;43r[42;1Hshuffle.ppm was saved. [34m^M[0m[43;68H[K[43;68H59,1[10C12%[42;1H[?25h[?25l[1;42r[42;1H
[1;43r[42;1Hshuffle.jpg was stored.[34m^M[0m[43;68H[K[43;68H60,1[10C13%[42;1H[?25h[?25l[1;42r[42;1H
[1;43r[42;1HHSSOE.ppm was read.[34m^M[0m[43;68H[K[43;68H61,1[10C14%[42;1H[?25h[?25l[1;42r[42;1H
[1;43r[42;1HImage's brightness successfully adjusted by 200.[34m^M[0m[43;68H[K[43;68H62,1[10C14%[42;1H[?25h[?25l[1;42r[42;1H
[1;43r[42;1Hbrightness.ppm was saved. [34m^M[0m[43;68H[K[43;68H63,1[10C15%[42;1H[?25h[?25l[1;42r[42;1H
[1;43r[42;1Hbrightness.jpg was stored.[34m^M[0m[43;68H[K[43;68H64,1[10C16%[42;1H[?25h[?25l[1;42r[42;1H
[1;43r[42;1HHSSOE.ppm was read.[34m^M[0m[43;68H[K[43;68H65,1[10C17%[42;1H[?25h[?25l[1;42r[42;1H
[1;43r[42;1HImage was mirrored successfully[34m^M[0m[43;68H[K[43;68H66,1[10C17%[42;1H[?25h[?25l[1;42r[42;1H
[1;43r[42;1Hhmirror.ppm was saved. [34m^M[0m[43;68H[K[43;68H67,1[10C18%[42;1H[?25h[?25l[1;42r[42;1H
[1;43r[42;1Hhmirror.jpg was stored.[34m^M[0m[43;68H[K[43;68H68,1[10C19%[42;1H[?25h[?25l[1;42r[42;1H
[1;43r[42;1HHSSOE.ppm was read.[34m^M[0m[43;68H[K[43;68H69,1[10C20%[42;1H[?25h[?25l[1;42r[42;1H
[1;43r[42;1HThe image's hue has been successfully rotated by -1.50 rad.[34m^M[0m[43;68H[K[43;68H70,1[10C20%[42;1H[?25h[?25l[1;42r[42;1H
[1;43r[42;1Hhue.ppm was saved. [34m^M[0m[43;68H[K[43;68H71,1[10C21%[42;1H[?25h[?25l[1;42r[42;1H
[1;43r[42;1Hhue.jpg was stored.[34m^M[0m[43;68H[K[43;68H72,1[10C22%[42;1H[?25h[?25l[1;42r[42;1H
[1;43r[42;1HHSSOE.ppm was read.[34m^M[0m[43;68H[K[43;68H73,1[10C22%[42;1H[?25h[?25l[1;42r[42;1H
[1;43r[42;1HImage was successfully rotated.[34m^M[0m[43;68H[K[43;68H74,1[10C23%[42;1H[?25h[?25l[1;42r[42;1H
[1;43r[42;1Hrotate.ppm was saved. [34m^M[0m[43;68H[K[43;68H75,1[10C24%[42;1H[?25h[?25l[1;42r[42;1H
[1;43r[42;1Hrotate.jpg was stored.[34m^M[0m[43;68H[K[43;68H76,1[10C25%[42;1H[?25h[?25l[1;42r[42;1H
[1;43r[42;1HHSSOE.ppm was read.[34m^M[0m[43;68H[K[43;68H77,1[10C25%[42;1H[?25h[?25l[1;42r[42;1H
[1;43r[42;1HImage was successfully rotated.[34m^M[0m[43;68H[K[43;68H78,1[10C26%[42;1H[?25h[?25l[1;42r[42;1H
[1;43r[42;1Hhflip.ppm was saved. [34m^M[0m[43;68H[K[43;68H79,1[10C27%[42;1H[?25h[?25l[1;42r[42;1H
[1;43r[42;1Hhflip.jpg was stored.[34m^M[0m[43;68H[K[43;68H80,1[10C28%[42;1H[?25h[?25l[1;42r[42;1H
[1;43r[42;1HHSSOE.ppm was read.[34m^M[0m[43;68H[K[43;68H81,1[10C28%[42;1H[?25h[?25l[1;42r[42;1H
[1;43r[42;1HImage was successfully resized by 60%.[34m^M[0m[43;68H[K[43;68H82,1[10C29%[42;1H[?25h[?25l[1;42r[42;1H
[1;43r[42;1Hsmallresize.ppm was saved. [34m^M[0m[43;68H[K[43;68H83,1[10C30%[42;1H[?25h[?25l[1;42r[42;1H
[1;43r[42;1Hsmallresize.jpg was stored.[34m^M[0m[43;68H[K[43;68H84,1[10C31%[42;1H[?25h[?25l[1;42r[42;1H
[1;43r[42;1HHSSOE.ppm was read.[34m^M[0m[43;68H[K[43;68H85,1[10C31%[42;1H[?25h[?25l[1;42r[42;1H
[1;43r[42;1HImage was successfully resized by 170%.[34m^M[0m[43;68H[K[43;68H86,1[10C32%[42;1H[?25h[?25l[1;42r[42;1H
[1;43r[42;1Hbigresize.ppm was saved. [34m^M[0m[43;68H[K[43;68H87,1[10C33%[42;1H[?25h[?25l[1;42r[42;1H
[1;43r[42;1Hbigresize.jpg was stored.[34m^M[0m[43;68H[K[43;68H88,1[10C34%[42;1H[?25h[?25l[1;42r[42;1H
[1;43r[42;1HHSSOE.ppm was read.[34m^M[0m[43;68H[K[43;68H89,1[10C34%[42;1H[?25h[?25l[1;42r[42;1H
[1;43r[42;1HImage saturation successfully modified to 90.00%[34m^M[0m[43;68H[K[43;68H90,1[10C35%[42;1H[?25h[?25l[1;42r[42;1H
[1;43r[42;1Hsaturate.ppm was saved. [34m^M[0m[43;68H[K[43;68H91,1[10C36%[42;1H[?25h[?25l[1;42r[42;1H
[1;43r[42;1Hsaturate.jpg was stored.[34m^M[0m[43;68H[K[43;68H92,1[10C37%[42;1H[?25h[?25l[1;42r[42;1H
[1;43r[42;1HPlease make a choice.[34m^M[0m[43;68H[K[43;68H93,1[10C37%[42;1H[?25h[?25l[1;42r[42;1H
[1;43r[42;1H--------------------[34m^M[0m[43;68H[K[43;68H94,1[10C38%[42;1H[?25h[?25l[1;42r[42;1H
[1;43r[42;1H1: Load a PPM image[34m^M[0m[43;68H[K[43;68H95,1[10C39%[42;1H[?25h[?25l[1;42r[42;1H
[1;43r[42;1H2: Save a PPM image[34m^M[0m[43;68H[K[43;68H96,1[10C40%[42;1H[?25h[?25l[1;42r[42;1H
[1;43r[42;1H3: Change image to Black and White[34m^M[0m[43;68H[K[43;68H97,1[10C40%[42;1H[?25h[?25l[1;42r[42;1H
[1;43r[42;1H4: Sketch the edge of an image[34m^M[0m[43;68H[K[43;68H98,1[10C41%[42;1H[?25h[?25l[1;42r[42;1H
[1;43r[42;1H5: Shuffle an image[34m^M[0m[43;68H[K[43;68H99,1[10C42%[42;1H[?25h[?25l[1;42r[42;1H
[1;43r[42;1H6: Adjust the brightness of an image[34m^M[0m[43;68H[K[43;68H100,1[9C42%[42;1H[?25h[?25l[1;42r[42;1H
[1;43r[42;1H7: Mirror an image horizontally[34m^M[0m[43;68H[K[43;68H101,1[9C43%[42;1H[?25h[?25l[1;42r[42;1H
[1;43r[42;1H8: Adjust the hue of an image[34m^M[0m[43;68H[K[43;68H102,1[9C44%[42;1H[?25h[?25l[1;42r[42;1H
[1;43r[42;1H9: Rotate or flip the image[34m^M[0m[43;68H[K[43;68H103,1[9C45%[42;1H[?25h[?25l[1;42r[42;1H
[1;43r[42;1H10: Resize the image[34m^M[0m[43;68H[K[43;68H104,1[9C45%[42;1H[?25h[?25l[1;42r[42;1H
[1;43r[42;1H11: Saturate the image[34m^M[0m[43;68H[K[43;68H105,1[9C46%[42;1H[?25h[?25l[1;42r[42;1H
[1;43r[42;1H12: Test all functions[34m^M[0m[43;68H[K[43;68H106,1[9C47%[42;1H[?25h[?25l[1;42r[42;1H
[1;43r[42;1H13: Exit[34m^M[0m[43;68H[K[43;68H107,1[9C48%[42;1H[?25h[?25l[1;42r[42;1H
[1;43r[42;1H13[34m^M[0m[43;68H[K[43;68H108,1[9C48%[42;1H[?25h[?25l[1;42r[1;1H[2M[1;43r[41;1H[106m[[0mrmagdalu@bondi hw4[106m][0m$ valgrind --leacheck[34m^H^[[0m[K[34m^H^[[0m[K[34m^H^[[0m[K[34m^H^[[0m[K[34m^H^[[0m[Kkcheck[34m^H^[[0m[K[34m^H[42;1H^[[0m[K[34m^H^[[0m[K[34m^H^[[0m[K[34m^H^[[0m[K-check=full PHo[34m^H^[[0m[K[34m^H^[[0m[KhotoLabTest[34m^M^M[0m[43;68H[K[43;68H109,1[9C50%[41;1H[?25h[?25l[1;42r[42;1H
[1;43r[40;1H[[18C]

valgrind: PhotoLabTest: command not found[34m^M[0m[43;68H[K[43;68H110,1[9C50%[42;1H[?25h[?25l[1;42r[1;1H[2M[1;43r[41;1H[106m[[0mrmagdalu@bondi hw4[106m][0m$ valgrind --leak-check=full PhotoLabTest[34m^H^H^H^H^H^H^H^H^H^H^H^H[42;1H^H[0m [34m^[[0m[4h.[34m^[[0m[4l[34m^[[0m[4h/[34m^[[0m[4l[34m^M^M[0m[43;68H[K[43;68H111,1[9C51%[41;1H[?25h[?25l[1;42r[42;1H
[1;43r[40;1H[[18C]

==166419== Memcheck, a memory error detector[34m^M[0m[43;68H[K[43;68H112,1[9C52%[42;1H[?25h[?25l[1;42r[42;1H
[1;43r[42;1H==166419== Copyright (C) 2002-2012, and GNU GPL'd, by Julian Seward et al.[34m^M[0m[43;68H[K[43;68H113,1[9C53%[42;1H[?25h[?25l[1;42r[42;1H
[1;43r[42;1H==166419== Using Valgrind-3.8.1 and LibVEX; rerun with -h for copyright info[34m^M[0m[43;68H[K[43;68H114,1[9C54%[42;1H[?25h[?25l[1;42r[42;1H
[1;43r[42;1H==166419== Command: ./PhotoLabTest[34m^M[0m[43;68H[K[43;68H115,1[9C54%[42;1H[?25h[?25l[1;42r[42;1H
[1;43r[42;1H==166419== [34m^M[0m[43;68H[K[43;68H116,1[9C55%[42;1H[?25h[?25l[1;42r[42;1H
[1;43r[42;1HHSSOE.ppm was read.[34m^M[0m[43;68H[K[43;68H117,1[9C56%[42;1H[?25h[?25l[1;42r[42;1H
[1;43r[42;1HImage was successfully converted to black and white.[34m^M[0m[43;68H[K[43;68H118,1[9C56%[42;1H[?25h[?25l[1;42r[42;1H
[1;43r[42;1Hbw.ppm was saved. [34m^M[0m[43;68H[K[43;68H119,1[9C57%[42;1H[?25h[?25l[1;42r[42;1H
[1;43r[42;1Hbw.jpg was stored.[34m^M[0m[43;68H[K[43;68H120,1[9C58%[42;1H[?25h[?25l[1;42r[42;1H
[1;43r[42;1HHSSOE.ppm was read.[34m^M[0m[43;68H[K[43;68H121,1[9C59%[42;1H[?25h[?25l[1;42r[42;1H
[1;43r[42;1HImage was successfully converted to show edges.[34m^M[0m[43;68H[K[43;68H122,1[9C59%[42;1H[?25h[?25l[1;42r[42;1H
[1;43r[42;1Hedge.ppm was saved. [34m^M[0m[43;68H[K[43;68H123,1[9C60%[42;1H[?25h[?25l[43;70H2[41;1H[?25h[?25l[43;70H1[40;1H[?25h[?25l[43;70H0[39;1H[?25h[?25l[43;69H19[38;1H[?25h[?25l[43;70H8[37;1H[?25h[?25l[43;70H7[36;1H[?25h[?25l[43;70H6[35;1H[?25h[?25l[43;70H5[34;1H[?25h[?25l[43;70H4[33;1H[?25h[?25l[43;70H3[32;1H[?25h[?25l[43;70H2[31;1H[?25h[?25l[29;1H[106m[[18C][0m[43;70H1[29;1H[?25h[?25l[[18C][43;70H0[28;1H[?25h[?25l[26;1H[106m[[18C][0m[43;69H09[26;1H[?25h[?25l[[18C][43;70H8[25;1H[?25h[?25l[43;70H7[24;1H[?25h[?25l[43;70H6[23;1H[?25h[?25l[43;70H7[24;1H[?25h[?25l[43;70H8[25;1H[?25h[?25l
[106m[[18C][0m[43;70H9[26;1H[?25h[?25l[[18C][43;70H8[25;1H[?25h[?25l
[106m[[18C][0m[43;70H9[26;1H[?25h[?25l[1C[47mrmagdalu@bondi hw4]$ valgrind --leacheck^H^[[K^H^[[K^H^[[K^H^[[K^H^[[Kkcheck^H^[[K^H[27;1H^[[K^H^[[K^H^[[K^H^[[K-check=full PHo^H^[[K^H^[[KhotoLabTest^M^M [0m[43;1H[1m-- VISUAL LINE --[0m[43;68H[K[43;68H109,1[9C60%[26;1H[?25h[?25l[47m[

[0mv[47malgrind: PhotoLabTest: command not found^M [0m[43;69H10[28;1H[?25h[?25l[26;1H[106m[[0m

valgrind: PhotoLabTest: command not found[34m^M[0m[28;44H[K[43;69H09[26;1H[?25h[?25l[47m[

[0mv[47malgrind: PhotoLabTest: command not found^M [0m[43;69H10[28;1H[?25h[?25l[26;42r[26;1H[3M[1;43r[26;1H[106m[[18C][0m[40;1Hedge.jpg was stored.[34m^M[0m
HSSOE.ppm was read.[34m^M[0m
The image has been successfully shuffled![34m^M[0m[43;1H[K[43;68H109,1[9C61%[26;1H[?25h[?25l[43;68H[K[43;1H:[?25hw[?25l[?25hq[?25l[?25h[?25l"typescript" 175L, 5516C written
[?25h[2J[?47l[rmagdalu@bondi hw4]$ mv typescript PhotoLab.script
[rmagdalu@bondi hw4]$ vim PhotoLab.txt
[?47h[2;1Hâ–½[6n[2;1H  [1;1H[1;43r[27m[24m[0m[H[J[?25l[43;1H"PhotoLab.txt" [New File][2;1H[94m~                                                                                    [3;1H~                                                                                    [4;1H~                                                                                    [5;1H~                                                                                    [6;1H~                                                                                    [7;1H~                                                                                    [8;1H~                                                                                    [9;1H~                                                                                    [10;1H~                                                                                    [11;1H~                                                                                    [12;1H~                                                                                    [13;1H~                                                                                    [14;1H~                                                                                    [15;1H~                                                                                    [16;1H~                                                                                    [17;1H~                                                                                    [18;1H~                                                                                    [19;1H~                                                                                    [20;1H~                                                                                    [21;1H~                                                                                    [22;1H~                                                                                    [23;1H~                                                                                    [24;1H~                                                                                    [25;1H~                                                                                    [26;1H~                                                                                    [27;1H~                                                                                    [28;1H~                                                                                    [29;1H~                                                                                    [30;1H~                                                                                    [31;1H~                                                                                    [32;1H~                                                                                    [33;1H~                                                                                    [34;1H~                                                                                    [35;1H~                                                                                    [36;1H~                                                                                    [37;1H~                                                                                    [38;1H~                                                                                    [39;1H~                                                                                    [40;1H~                                                                                    [41;1H~                                                                                    [42;1H~                                                                                    [0m[43;68H0,0-1[9CAll[1;1H[?25h[?25l[43;1H[1m-- INSERT --[0m[43;13H[K[43;68H0,1[11CAll[1;1H[?25h[?25lM[43;68H1,2[1;2H[?25h[?25lu[43;70H3[1;3H[?25h[?25lc[43;70H4[1;4H[?25h[?25lh[43;70H5[1;5H[?25h[?25l[43;70H6[1;6H[?25h[?25lo[43;70H7[1;7H[?25h[?25lf[43;70H8[1;8H[?25h[?25l[43;70H9[1;9H[?25h[?25lt[43;70H10[1;10H[?25h[?25lh[43;71H1[1;11H[?25h[?25le[43;71H2[1;12H[?25h[?25l[43;71H3[1;13H[?25h[?25lw[43;71H4[1;14H[?25h[?25lo[43;71H5[1;15H[?25h[?25lr[43;71H6[1;16H[?25h[?25lk[43;71H7[1;17H[?25h[?25l[43;71H8[1;18H[?25h[?25li[43;71H9[1;19H[?25h[?25ln[43;70H20[1;20H[?25h[?25l[43;71H1[1;21H[?25h[?25lt[43;71H2[1;22H[?25h[?25lh[43;71H3[1;23H[?25h[?25li[43;71H4[1;24H[?25h[?25ls[43;71H5[1;25H[?25h[?25l[43;71H6[1;26H[?25h[?25ll[43;71H7[1;27H[?25h[?25la[43;71H8[1;28H[?25h[?25lb[43;71H9[1;29H[?25h[?25l[43;70H30[1;30H[?25h[?25lw[43;71H1[1;31H[?25h[?25la[43;71H2[1;32H[?25h[?25ls[43;71H3[1;33H[?25h[?25l[43;71H4[1;34H[?25h[?25lf[43;71H5[1;35H[?25h[?25li[43;71H6[1;36H[?25h[?25lg[43;71H7[1;37H[?25h[?25lu[43;71H8[1;38H[?25h[?25li[43;71H9[1;39H[?25h[?25lr[43;70H40[1;40H[?25h[?25ln[43;71H1[1;41H[?25h[?25l[1;40H[K[43;71H0[1;40H[?25h[?25l[1;39H[K[43;70H39[1;39H[?25h[?25l[1;38H[K[43;71H8[1;38H[?25h[?25lr[43;71H9[1;39H[?25h[?25li[43;70H40[1;40H[?25h[?25ln[43;71H1[1;41H[?25h[?25lg[43;71H2[1;42H[?25h[?25l[43;71H3[1;43H[?25h[?25lo[43;71H4[1;44H[?25h[?25lu[43;71H5[1;45H[?25h[?25lt[43;71H6[1;46H[?25h[?25l[43;71H7[1;47H[?25h[?25lh[43;71H8[1;48H[?25h[?25lo[43;71H9[1;49H[?25h[?25lw[43;70H50[1;50H[?25h[?25lt[43;71H1[1;51H[?25h[?25l[1;50H[K[43;71H0[1;50H[?25h[?25l[43;71H1[1;51H[?25h[?25lo[43;71H2[1;52H[?25h[?25lt[43;71H3[1;53H[?25h[?25l[43;71H4[1;54H[?25h[?25lc[43;71H5[1;55H[?25h[?25lo[43;71H6[1;56H[?25h[?25l[1;55H[K[43;71H5[1;55H[?25h[?25l[1;54H[K[43;71H4[1;54H[?25h[?25l[43;71H3[1;53H[?25h[?25l[1;52H[K[43;71H2[1;52H[?25h[?25l[1;51H[K[43;71H1[1;51H[?25h[?25lt[43;71H2[1;52H[?25h[?25lo[43;71H3[1;53H[?25h[?25l[43;71H4[1;54H[?25h[?25lc[43;71H5[1;55H[?25h[?25lo[43;71H6[1;56H[?25h[?25ln[43;71H7[1;57H[?25h[?25lv[43;71H8[1;58H[?25h[?25le[43;71H9[1;59H[?25h[?25lr[43;70H60[1;60H[?25h[?25lt[43;71H1[1;61H[?25h[?25l[43;71H2[1;62H[?25h[?25lo[43;71H3[1;63H[?25h[?25lu[43;71H4[1;64H[?25h[?25lr[43;71H5[1;65H[?25h[?25l[43;71H6[1;66H[?25h[?25lp[43;71H7[1;67H[?25h[?25lr[43;71H8[1;68H[?25h[?25le[43;71H9[1;69H[?25h[?25le[43;70H70[1;70H[?25h[?25l[1;69H[K[43;70H69[1;69H[?25h[?25lx[43;70H70[1;70H[?25h[?25li[43;71H1[1;71H[?25h[?25ls[43;71H2[1;72H[?25h[?25lt[43;71H3[1;73H[?25h[?25li[43;71H4[1;74H[?25h[?25ln[43;71H5[1;75H[?25h[?25lg[43;71H6[1;76H[?25h[?25l[1;75H[K[43;71H5[1;75H[?25h[?25l[1;74H[K[43;71H4[1;74H[?25h[?25l[1;73H[K[43;71H3[1;73H[?25h[?25l[1;72H[K[43;71H2[1;72H[?25h[?25l[1;71H[K[43;71H1[1;71H[?25h[?25l[1;70H[K[43;71H0[1;70H[?25h[?25l[1;69H[K[43;70H69[1;69H[?25h[?25l[1;68H[K[43;71H8[1;68H[?25h[?25l[1;67H[K[43;71H7[1;67H[?25h[?25l[1;66H[K[43;71H6[1;66H[?25h[?25l[43;71H5[1;65H[?25h[?25l[43;71H6[1;66H[?25h[?25lP[43;71H7[1;67H[?25h[?25lh[43;71H8[1;68H[?25h[?25lo[43;71H9[1;69H[?25h[?25lt[43;70H70[1;70H[?25h[?25lo[43;71H1[1;71H[?25h[?25lL[43;71H2[1;72H[?25h[?25la[43;71H3[1;73H[?25h[?25lb[43;71H4[1;74H[?25h[?25l_[43;71H5[1;75H[?25h[?25lv[43;71H6[1;76H[?25h[?25l2[43;71H7[1;77H[?25h[?25l[43;71H8[1;78H[?25h[?25lf[43;71H9[1;79H[?25h[?25lo[43;70H80[1;80H[?25h[?25lr[43;71H1[1;81H[?25h[?25lm[43;71H2[1;82H[?25h[?25l[43;71H3[1;83H[?25h[?25l[43;71H2[1;82H[?25h[?25l[1;81H[K[43;71H1[1;81H[?25h[?25l[1;80H[K[43;71H0[1;80H[?25h[?25l[1;79H[K[43;70H79[1;79H[?25h[?25lr[43;70H80[1;80H[?25h[?25lo[43;71H1[1;81H[?25h[?25lm[43;71H2[1;82H[?25h[?25l[43;71H3[1;83H[?25h[?25lH[43;71H4[1;84H[?25h[?25lW[43;71H5[1;85H[?25h[?25l#[43;71H6[2;1H[?25h[?25l[1;85H[K[43;71H5[1;85H[?25h[?25l[1;84H[K[43;71H4[1;84H[?25h[?25lW[43;71H5[1;85H[?25h[?25l3[43;71H6[2;1H[?25h[?25l [2;2H[K[43;71H7[2;2H[?25h[?25lt[43;71H8[2;3H[?25h[?25lo[43;71H9[2;4H[?25h[?25l[43;70H90[2;5H[?25h[?25lw[43;71H1[2;6H[?25h[?25lo[43;71H2[2;7H[?25h[?25lr[43;71H3[2;8H[?25h[?25lk[43;71H4[2;9H[?25h[?25l[43;71H5[2;10H[?25h[?25lw[43;71H6[2;11H[?25h[?25li[43;71H7[2;12H[?25h[?25lt[43;71H8[2;13H[?25h[?25lh[43;71H9[2;14H[?25h[?25l[43;70H100[2;15H[?25h[43;1H[K[2;14H[?25l[43;68H1,99[10CAll[2;14H[?25h[?25l[43;68H[K[43;1H:[?25hw[?25l[?25hq[?25l[?25h[?25l"PhotoLab.txt" [New] 1L, 100C written
[?25h[2J[?47l[rmagdalu@bondi hw4]$ vim FileIO.o[Kc
[?47h[2;1Hâ–½[6n[2;1H  [1;1H[1;43r[27m[24m[0m[H[J[?25l[43;1H"FileIO.c" 116L, 3175C[1;1H[34m/************************************************/
/* FileIO.c:  File Loading and Saving Functions */
/************************************************/

/*** header files ***/[0m

[35m#include [0m[31m"FileIO.h"[0m

[34m/*** function definitions ***/[0m

IMAGE *LoadImage([32mconst[0m [32mchar[0m *fname){
    [32mFILE[0m[11C*File;
    [32mchar[0m[12CType[SLEN];
    [32mint[0m[13CWidth, Height, MaxValue;
    [32mint[0m[13Cx, y;
    [32mchar[0m[12Cftype[] = [31m".ppm"[0m;
    [32mchar[0m[12Cfname_tmp[SLEN];
    strcpy(fname_tmp, fname);
    strcat(fname_tmp, ftype);[21;5HFile = fopen(fname_tmp, [31m"r"[0m);
    [38;5;130mif[0m (!File) {[23;9Hprintf([31m"Cannot open file [0m[35m\"%s\"[0m[31m for reading![0m[35m\n[0m[31m"[0m, fname);[24;9H[38;5;130mreturn[0m [31mNULL[0m;
    }
    fscanf(File, [31m"[0m[35m%79s[0m[31m"[0m, Type);
    [38;5;130mif[0m (Type[[31m0[0m] != [31m'P'[0m || Type[[31m1[0m] != [31m'6'[0m || Type[[31m2[0m] != [31m0[0m) {[28;9Hprintf([31m"[0m[35m\n[0m[31mUnsupported file format![0m[35m\n[0m[31m"[0m);[29;9H[38;5;130mreturn[0m [31mNULL[0m;
    }[32;5Hfscanf(File, [31m"[0m[35m%d[0m[31m"[0m, &Width);
    fscanf(File, [31m"[0m[35m%d[0m[31m"[0m, &Height);[35;5Hfscanf(File, [31m"[0m[35m%d[0m[31m"[0m, &MaxValue);
    [38;5;130mif[0m (MaxValue != [31m255[0m) {[37;9Hprintf([31m"[0m[35m\n[0m[31mUnsupported image maximum value [0m[35m%d[0m[31m![0m[35m\n[0m[31m"[0m, MaxValue);[38;9H[38;5;130mreturn[0m [31mNULL[0m;
    }
    [38;5;130mif[0m ([35m'\n'[0m != fgetc(File)) {[41;9Hprintf([31m"[0m[35m\n[0m[31mCarriage return expected![0m[35m\n[0m[31m"[0m);[42;9H[38;5;130mreturn[0m [31mNULL[0m;[43;68H23,9[10CTop[23;9H[?25h[?25l[43;69H4[24;9H[?25h[?25l[22;16H[106m{[25;5H}[0m[43;69H5,5[25;5H[?25h[?25l[22;16H{[25;5H}[43;69H6,9[26;9H[?25h[?25l[43;69H7[27;9H[?25h[?25l[43;69H8[28;9H[?25h[?25l[43;69H9[29;9H[?25h[?25l[27;59H[106m{[30;5H}[0m[43;68H30,5[30;5H[?25h[?25l[27;59H{[30;5H}[43;69H1,0-1[31;1H[?25h[?25l[43;69H2,9  [32;9H[?25h[?25l[43;69H3[33;9H[?25h[?25l[43;69H4,0-1[34;1H[?25h[?25l[43;69H5,9  [35;9H[?25h[?25l[43;69H6[36;9H[?25h[?25l[43;69H7[37;9H[?25h[?25l[43;69H8[38;9H[?25h[?25l[36;26H[106m{[39;5H}[0m[43;69H9,5[39;5H[?25h[?25l[36;26H{[39;5H}[43;68H40,9[40;9H[?25h[?25l[43;69H1[41;9H[?25h[?25l[43;69H2[42;9H[?25h[?25l[1;42r[42;1H
[1;43r[39;30H[106m{[42;5H}[0m[43;1H[K[43;68H43,5[11C1%[42;5H[?25h[?25l[1;42r[42;1H
[1;43r[38;30H{[41;5H}[43;68H[K[43;68H44,1[11C2%[42;1H[?25h[?25l[1;42r[42;1H
[1;43r[42;5HIMAGE *myImage = CreateImage(Width, Height);[43;68H[K[43;68H45,9[11C4%[42;9H[?25h[?25l[1;42r[42;1H
[1;43r[43;68H[K[43;68H46,3[11C5%[42;3H[?25h[?25l[1;42r[42;1H
[1;43r[42;5H[38;5;130mfor[0m [106m([0my = [31m0[0m; y < Height; y++[106m)[0m[43;68H[K[43;68H47,9[11C6%[42;9H[?25h[?25l[1;42r[42;1H
[1;43r[41;9H([22C)[42;9H[38;5;130mfor[0m (x = [31m0[0m; x < Width; x++){[43;68H[K[43;68H48,9[11C8%[42;9H[?25h[?25l[1;42r[42;1H
[1;43r[42;13HSetPixelR(myImage, x, y, fgetc(File));[43;68H[K[43;68H49,9[11C9%[42;9H[?25h[?25l[1;42r[42;1H
[1;43r[42;13HSetPixelG(myImage, x, y, fgetc(File));[43;68H[K[43;68H50,9[10C10%[42;9H[?25h[?25l[1;42r[42;1H
[1;43r[42;13HSetPixelB(myImage, x, y, fgetc(File));[43;68H[K[43;68H51,9[10C12%[42;9H[?25h[?25l[1;42r[42;1H
[1;43r[38;36H[106m{[42;9H}[0m[43;68H[K[43;68H52,9[10C13%[42;9H[?25h[?25l[1;42r[42;1H
[1;43r[37;36H{[41;9H}[43;68H[K[43;68H53,9[10C14%[42;9H[?25h[?25l[1;42r[42;1H
[1;43r[42;5H[38;5;130mif[0m (ferror(File)) {[43;68H[K[43;68H54,9[10C16%[42;9H[?25h[?25l[1;42r[42;1H
[1;43r[42;9Hprintf([31m"[0m[35m\n[0m[31mFile error while reading from file![0m[35m\n[0m[31m"[0m);[43;68H[K[43;68H55,9[10C17%[42;9H[?25h[?25l[1;42r[42;1H
[1;43r[42;9H[38;5;130mreturn[0m [31mNULL[0m;[43;68H[K[43;68H56,9[10C18%[42;9H[?25h[?25l[1;42r[42;1H
[1;43r[39;23H[106m{[42;5H}[0m[43;68H[K[43;68H57,5[10C20%[42;5H[?25h[?25l[1;42r[42;1H
[1;43r[38;23H{[41;5H}
    printf([31m"[0m[35m%s[0m[31m was read.[0m[35m\n[0m[31m"[0m, fname_tmp);[43;68H[K[43;68H58,9[10C21%[42;9H[?25h[?25l[1;42r[42;1H
[1;43r[43;68H[K[43;68H59,0-1[8C22%[42;1H[?25h[?25l[1;42r[42;1H
[1;43r[42;5Hfclose(File);[43;68H[K[43;68H60,9[10C24%[42;9H[?25h[?25l[1;42r[42;1H
[1;43r[43;68H[K[43;68H61,0-1[8C25%[42;1H[?25h[?25l[1;42r[42;1H
[1;43r[42;5H[38;5;130mreturn[0m myImage;[43;68H[K[43;68H62,9[10C27%[42;9H[?25h[?25l[1;42r[42;1H
[1;43r[42;1H}[43;68H[K[43;68H63,1[10C28%[42;1H[?25h[?25l[43;69H2,9[41;9H[?25h[?25l[43;69H1,0-1[40;1H[?25h[?25l[43;69H0,9  [39;9H[?25h[?25l[43;68H59,0-1[38;1H[?25h[?25l[43;69H8,9  [37;9H[?25h[?25l[33;23H[106m{[36;5H}[0m[43;69H7,5[36;5H[?25h[?25l[33;23H{[36;5H}[43;69H6,9[35;9H[?25h[?25l[43;69H5[34;9H[?25h[?25l[43;69H4[33;9H[?25h[?25l[43;69H3[32;9H[?25h[?25l[27;36H[106m{[31;9H}[0m[43;69H2[31;9H[?25h[?25l[27;36H{[31;9H}[43;69H1[30;9H[?25h[?25l[43;69H0[29;9H[?25h[?25l[43;68H49[28;9H[?25h[?25l[43;69H8[27;9H[?25h[?25l[26;9H[106m([22C)[0m[43;69H7[26;9H[?25h[?25l([22C)[43;69H6,3[25;3H[?25h[?25l[43;69H5,9[24;9H[?25h[?25l[43;69H4,1[23;1H[?25h[?25l[19;30H[106m{[22;5H}[0m[43;69H3,5[22;5H[?25h[?25l[19;30H{[22;5H}[43;69H2,9[21;9H[?25h[?25l[43;69H1[20;9H[?25h[?25l[43;69H0[19;9H[?25h[?25l[15;26H[106m{[18;5H}[0m[43;68H39,5[18;5H[?25h[?25l[15;26H{[18;5H}[43;69H8,9[17;9H[?25h[?25l[43;69H7[16;9H[?25h[?25l[43;69H6[15;9H[?25h[?25l[43;69H5[14;9H[?25h[?25l[43;69H4,0-1[13;1H[?25h[?25l[43;69H3,9  [12;9H[?25h[?25l[43;69H2[11;9H[?25h[?25l[43;69H1,0-1[10;1H[?25h[?25l[6;59H[106m{[9;5H}[0m[43;69H0,5  [9;5H[?25h[?25l[6;59H{[9;5H}[43;68H29,9[8;9H[?25h[?25l[43;69H8[7;9H[?25h[?25l[43;69H7[6;9H[?25h[?25l[43;69H6[5;9H[?25h[?25l[1;16H[106m{[4;5H}[0m[43;69H5,5[4;5H[?25h[?25l[1;16H{[4;5H}[43;69H4,9[3;9H[?25h[?25l[43;69H3[2;9H[?25h[?25l[43;69H2[1;9H[?25h[?25l[1;42r[1;1H[L[1;43r[1;5HFile = fopen(fname_tmp, [31m"r"[0m);[43;68H[K[43;68H21,9[10C27%[1;9H[?25h[?25l[1;42r[1;1H[L[1;43r[43;68H[K[43;68H20,0-1[8C25%[1;1H[?25h[?25l[43;68H[K[43;1H:[?25hw[?25l[?25h[?25l[43;2H[K[43;2H[?25hq[?25l[?25h[?25l[43;1H[K[43;1H[?25h[2J[?47l[rmagdalu@bondi hw4]$ vim PhotoLab.txt
[?47h[2;1Hâ–½[6n[2;1H  [1;1H[1;43r[27m[24m[0m[H[J[?25l[43;1H"PhotoLab.txt" 1L, 100C[1;1HMuch of the work in this lab was figuring out how to convert our PhotoLab_v2 from HW3[2;2Hto work with
[94m~                                                                                    [4;1H~                                                                                    [5;1H~                                                                                    [6;1H~                                                                                    [7;1H~                                                                                    [8;1H~                                                                                    [9;1H~                                                                                    [10;1H~                                                                                    [11;1H~                                                                                    [12;1H~                                                                                    [13;1H~                                                                                    [14;1H~                                                                                    [15;1H~                                                                                    [16;1H~                                                                                    [17;1H~                                                                                    [18;1H~                                                                                    [19;1H~                                                                                    [20;1H~                                                                                    [21;1H~                                                                                    [22;1H~                                                                                    [23;1H~                                                                                    [24;1H~                                                                                    [25;1H~                                                                                    [26;1H~                                                                                    [27;1H~                                                                                    [28;1H~                                                                                    [29;1H~                                                                                    [30;1H~                                                                                    [31;1H~                                                                                    [32;1H~                                                                                    [33;1H~                                                                                    [34;1H~                                                                                    [35;1H~                                                                                    [36;1H~                                                                                    [37;1H~                                                                                    [38;1H~                                                                                    [39;1H~                                                                                    [40;1H~                                                                                    [41;1H~                                                                                    [42;1H~                                                                                    [0m[43;68H1,1[11CAll[1;1H[?25h[?25l[43;70H2[1;2H[?25h[?25l[43;70H3[1;3H[?25h[?25l[43;70H4[1;4H[?25h[?25l[43;70H5[1;5H[?25h[?25l[43;70H6[1;6H[?25h[?25l[43;70H7[1;7H[?25h[?25l[43;70H8[1;8H[?25h[?25l[43;70H9[1;9H[?25h[?25l[43;70H10[1;10H[?25h[?25l[43;71H1[1;11H[?25h[?25l[43;71H2[1;12H[?25h[?25l[43;71H3[1;13H[?25h[?25l[43;71H4[1;14H[?25h[?25l[43;71H5[1;15H[?25h[?25l[43;71H6[1;16H[?25h[?25l[43;71H7[1;17H[?25h[?25l[43;71H8[1;18H[?25h[?25l[43;71H9[1;19H[?25h[?25l[43;70H20[1;20H[?25h[?25l[43;71H1[1;21H[?25h[?25l[43;71H2[1;22H[?25h[?25l[43;71H1[1;21H[?25h[?25l[43;71H0[1;20H[?25h[?25l[43;70H19[1;19H[?25h[?25l[43;1H[1m-- INSERT --[0m[43;13H[K[43;68H1,19[10CAll[1;19H[?25h[?25ln this lab was figuring out how to convert our PhotoLab_v2 from HW3 [2;1Hto work with [43;71H8[1;18H[?25h[?25ln this lab was figuring out how to convert our PhotoLab_v2 from HW3 t[2;1Ho work with [43;71H7[1;17H[?25h[?25l[43;71H8[1;18H[?25h[?25l this lab was figuring out how to convert our PhotoLab_v2 from HW3 to[2;1H work with [43;71H7[1;17H[?25h[?25l  this lab was figuring out how to convert our PhotoLab_v2 from HW3 t[2;1Ho work with[43;71H8[1;18H[?25h[?25lI this lab was figuring out how to convert our PhotoLab_v2 from HW3 [2;1Hto work with[43;71H9[1;19H[?25h[?25l  this lab was figuring out how to convert our PhotoLab_v2 from HW3[2;1H to work with[43;70H20[1;20H[?25h[?25ld this lab was figuring out how to convert our PhotoLab_v2 from HW[2;1H3 to work with[43;71H1[1;21H[?25h[?25li this lab was figuring out how to convert our PhotoLab_v2 from H[2;1HW3 to work with[43;71H2[1;22H[?25h[?25ld this lab was figuring out how to convert our PhotoLab_v2 from [2;1HHW3 to work with[43;71H3[1;23H[?25h[?25l  this lab was figuring out how to convert our PhotoLab_v2 from[2;1H HW3 to work with[43;71H4[1;24H[?25h[?25li this lab was figuring out how to convert our PhotoLab_v2 fro[2;1Hm HW3 to work with[43;71H5[1;25H[?25h[?25ln this lab was figuring out how to convert our PhotoLab_v2 fr[2;1Hom HW3 to work with[43;71H6[1;26H[?25h[?25l  this lab was figuring out how to convert our PhotoLab_v2 f[2;1Hrom HW3 to work with[43;71H7[1;27H[?25h[?25l[43;71H6[1;26H[?25h[?25l[43;71H7[1;27H[?25h[?25l[43;70H107[2;22H[?25h[?25lo[43;72H8[2;23H[?25h[?25lu[43;72H9[2;24H[?25h[?25lr[43;71H10[2;25H[?25h[?25l[43;72H1[2;26H[?25h[?25ld[43;72H2[2;27H[?25h[?25ly[43;72H3[2;28H[?25h[?25ln[43;72H4[2;29H[?25h[?25la[43;72H5[2;30H[?25h[?25lm[43;72H6[2;31H[?25h[?25l[2;30H[K[43;72H5[2;30H[?25h[?25l[2;29H[K[43;72H4[2;29H[?25h[?25l[2;28H[K[43;72H3[2;28H[?25h[?25l[2;27H[K[43;72H2[2;27H[?25h[?25l[2;26H[K[43;72H1[2;26H[?25h[?25l[43;72H0[2;25H[?25h[?25l[2;24H[K[43;71H09[2;24H[?25h[?25l[2;23H[K[43;72H8[2;23H[?25h[?25l[2;22H[K[43;72H7[2;22H[?25h[?25lt[43;72H8[2;23H[?25h[?25lh[43;72H9[2;24H[?25h[?25le[43;71H10[2;25H[?25h[?25l[43;72H1[2;26H[?25h[?25ld[43;72H2[2;27H[?25h[?25ly[43;72H3[2;28H[?25h[?25ln[43;72H4[2;29H[?25h[?25la[43;72H5[2;30H[?25h[?25lm[43;72H6[2;31H[?25h[?25li[43;72H7[2;32H[?25h[?25lc[43;72H8[2;33H[?25h[?25l[43;72H9[2;34H[?25h[?25ld[43;71H20[2;35H[?25h[?25la[43;72H1[2;36H[?25h[?25lt[43;72H2[2;37H[?25h[?25la[43;72H3[2;38H[?25h[?25l[43;72H4[2;39H[?25h[?25ls[43;72H5[2;40H[?25h[?25lt[43;72H6[2;41H[?25h[?25lr[43;72H7[2;42H[?25h[?25lu[43;72H8[2;43H[?25h[?25lc[43;72H9[2;44H[?25h[?25lt[43;71H30[2;45H[?25h[?25lu[43;72H1[2;46H[?25h[?25lr[43;72H2[2;47H[?25h[?25le[43;72H3[2;48H[?25h[?25ls[43;72H4[2;49H[?25h[?25l.[43;72H5[2;50H[?25h[?25l[3;1H[K[43;68H2,1  [3;1H[?25h[?25l[4;1H[K[43;68H3[4;1H[?25h[?25l[94m~                                                                                    [0m[43;68H2[3;1H[?25h[?25l[94m~                                                                                    [0m[43;68H1,135[2;50H[?25h[?25l[43;72H6[2;51H[?25h[?25lT[43;72H7[2;52H[?25h[?25lh[43;72H8[2;53H[?25h[?25le[43;72H9[2;54H[?25h[?25l[43;71H40[2;55H[?25h[?25lb[43;72H1[2;56H[?25h[?25lu[43;72H2[2;57H[?25h[?25ll[43;72H3[2;58H[?25h[?25lk[43;72H4[2;59H[?25h[?25l[43;72H5[2;60H[?25h[?25lo[43;72H6[2;61H[?25h[?25lf[43;72H7[2;62H[?25h[?25l[2;61H[K[43;72H6[2;61H[?25h[?25l[2;60H[K[43;72H5[2;60H[?25h[?25l[43;72H4[2;59H[?25h[?25l[2;58H[K[43;72H3[2;58H[?25h[?25l[2;57H[K[43;72H2[2;57H[?25h[?25l[2;56H[K[43;72H1[2;56H[?25h[?25l[2;55H[K[43;72H0[2;55H[?25h[?25l[43;71H39[2;54H[?25h[?25l[2;53H[K[43;72H8[2;53H[?25h[?25le[43;72H9[2;54H[?25h[?25l[43;71H40[2;55H[?25h[?25li[43;72H1[2;56H[?25h[?25ln[43;72H2[2;57H[?25h[?25li[43;72H3[2;58H[?25h[?25lt[43;72H4[2;59H[?25h[?25li[43;72H5[2;60H[?25h[?25la[43;72H6[2;61H[?25h[?25ll[43;72H7[2;62H[?25h[?25l[43;72H8[2;63H[?25h[?25lw[43;72H9[2;64H[?25h[?25lo[43;71H50[2;65H[?25h[?25lk[43;72H1[2;66H[?25h[?25l[2;65H[K[43;72H0[2;65H[?25h[?25lr[43;72H1[2;66H[?25h[?25lk[43;72H2[2;67H[?25h[?25l[43;72H3[2;68H[?25h[?25lm[43;72H4[2;69H[?25h[?25la[43;72H5[2;70H[?25h[?25li[43;72H6[2;71H[?25h[?25ln[43;72H7[2;72H[?25h[?25ll[43;72H8[2;73H[?25h[?25ly[43;72H9[2;74H[?25h[?25l[43;71H60[2;75H[?25h[?25lc[43;72H1[2;76H[?25h[?25lo[43;72H2[2;77H[?25h[?25ls[43;72H3[2;78H[?25h[?25ln[43;72H4[2;79H[?25h[?25ls[43;72H5[2;80H[?25h[?25li[43;72H6[2;81H[?25h[?25l[2;80H[K[43;72H5[2;80H[?25h[?25l[2;79H[K[43;72H4[2;79H[?25h[?25l[2;78H[K[43;72H3[2;78H[?25h[?25l[2;77H[K[43;72H2[2;77H[?25h[?25ln[43;72H3[2;78H[?25h[?25ls[43;72H4[2;79H[?25h[?25li[43;72H5[2;80H[?25h[?25ls[43;72H6[2;81H[?25h[?25lt[43;72H7[2;82H[?25h[?25le[43;72H8[2;83H[?25h[?25ld[43;72H9[2;84H[?25h[?25l[43;71H70[2;85H[?25h[?25lf[43;72H1[3;1H[?25h[?25lo[3;2H[K[43;72H2[3;2H[?25h[?25l[43;72H3[3;3H[?25h[?25l[43;72H2[3;2H[?25h[?25l[94m~                                                                                    [0m[43;72H1[3;1H[?25h[?25l[2;85H[K[43;72H0[2;85H[?25h[?25lo[43;72H1[3;1H[?25h[?25lf[3;2H[K[43;72H2[3;2H[?25h[?25l[43;72H3[3;3H[?25h[?25le[43;72H4[3;4H[?25h[?25ln[43;72H5[3;5H[?25h[?25ls[43;72H6[3;6H[?25h[?25lu[43;72H7[3;7H[?25h[?25lr[43;72H8[3;8H[?25h[?25li[43;72H9[3;9H[?25h[?25ln[43;71H80[3;10H[?25h[?25lg[43;72H1[3;11H[?25h[?25l[43;72H2[3;12H[?25h[?25lt[43;72H3[3;13H[?25h[?25lh[43;72H4[3;14H[?25h[?25le[43;72H5[3;15H[?25h[?25l[3;14H[K[43;72H4[3;14H[?25h[?25la[43;72H5[3;15H[?25h[?25lt[43;72H6[3;16H[?25h[?25l[43;72H7[3;17H[?25h[?25lt[43;72H8[3;18H[?25h[?25lh[43;72H9[3;19H[?25h[?25le[43;71H90[3;20H[?25h[?25l[43;72H1[3;21H[?25h[?25lI[43;72H2[3;22H[?25h[?25lm[43;72H3[3;23H[?25h[?25la[43;72H4[3;24H[?25h[?25l[3;23H[K[43;72H3[3;23H[?25h[?25l[3;22H[K[43;72H2[3;22H[?25h[?25l[3;21H[K[43;72H1[3;21H[?25h[?25lf[43;72H2[3;22H[?25h[?25lu[43;72H3[3;23H[?25h[?25ln[43;72H4[3;24H[?25h[?25lc[43;72H5[3;25H[?25h[?25lt[43;72H6[3;26H[?25h[?25li[43;72H7[3;27H[?25h[?25lo[43;72H8[3;28H[?25h[?25ln[43;72H9[3;29H[?25h[?25ls[43;70H200[3;30H[?25h[?25l[43;72H1[3;31H[?25h[?25li[43;72H2[3;32H[?25h[?25ln[43;72H3[3;33H[?25h[?25l[43;72H4[3;34H[?25h[?25lI[43;72H5[3;35H[?25h[?25lm[43;72H6[3;36H[?25h[?25la[43;72H7[3;37H[?25h[?25lg[43;72H8[3;38H[?25h[?25le[43;72H9[3;39H[?25h[?25l.[43;71H10[3;40H[?25h[?25lc[43;72H1[3;41H[?25h[?25l[43;72H2[3;42H[?25h[?25la[43;72H3[3;43H[?25h[?25ln[43;72H4[3;44H[?25h[?25ld[43;72H5[3;45H[?25h[?25l[43;72H6[3;46H[?25h[?25lF[43;72H7[3;47H[?25h[?25li[43;72H8[3;48H[?25h[?25ll[43;72H9[3;49H[?25h[?25lI[43;71H20[3;50H[?25h[?25lO[43;72H1[3;51H[?25h[?25l[3;50H[K[43;72H0[3;50H[?25h[?25l[3;49H[K[43;71H19[3;49H[?25h[?25le[43;71H20[3;50H[?25h[?25lI[43;72H1[3;51H[?25h[?25lO[43;72H2[3;52H[?25h[?25l.[43;72H3[3;53H[?25h[?25lc[43;72H4[3;54H[?25h[?25l[3;53H[K[43;72H3[3;53H[?25h[?25l[3;52H[K[43;72H2[3;52H[?25h[?25l[3;51H[K[43;72H1[3;51H[?25h[?25l[3;50H[K[43;72H0[3;50H[?25h[?25l[3;49H[K[43;71H19[3;49H[?25h[?25l[3;48H[K[43;72H8[3;48H[?25h[?25l[3;47H[K[43;72H7[3;47H[?25h[?25l[3;46H[K[43;72H6[3;46H[?25h[?25l[43;72H5[3;45H[?25h[?25l[3;44H[K[43;72H4[3;44H[?25h[?25l[3;43H[K[43;72H3[3;43H[?25h[?25l[3;42H[K[43;72H2[3;42H[?25h[?25lw[43;72H3[3;43H[?25h[?25lo[43;72H4[3;44H[?25h[?25lr[43;72H5[3;45H[?25h[?25lk[43;72H6[3;46H[?25h[?25le[43;72H7[3;47H[?25h[?25ld[43;72H8[3;48H[?25h[?25l[43;72H9[3;49H[?25h[?25lw[43;71H20[3;50H[?25h[?25le[43;72H1[3;51H[?25h[?25ll[43;72H2[3;52H[?25h[?25ll[43;72H3[3;53H[?25h[?25l[43;72H4[3;54H[?25h[?25lt[43;72H5[3;55H[?25h[?25lo[43;72H6[3;56H[?25h[?25l[43;72H7[3;57H[?25h[?25lm[43;72H8[3;58H[?25h[?25la[43;72H9[3;59H[?25h[?25lk[43;71H30[3;60H[?25h[?25le[43;72H1[3;61H[?25h[?25l,[43;72H2[3;62H[?25h[?25l[3;61H[K[43;72H1[3;61H[?25h[?25l[43;72H2[3;62H[?25h[?25lna[43;72H4[3;64H[?25h[?25ld[43;72H5[3;65H[?25h[?25l[43;72H6[3;66H[?25h[?25ld[43;72H7[3;67H[?25h[?25l[3;66H[K[43;72H6[3;66H[?25h[?25l[43;72H5[3;65H[?25h[?25l[3;64H[K[43;72H4[3;64H[?25h[?25l[3;63H[K[43;72H3[3;63H[?25h[?25l[3;62H[K[43;72H2[3;62H[?25h[?25la[43;72H3[3;63H[?25h[?25ln[43;72H4[3;64H[?25h[?25ld[43;72H5[3;65H[?25h[?25l[43;72H6[3;66H[?25h[?25ld[43;72H7[3;67H[?25h[?25le[43;72H8[3;68H[?25h[?25ll[43;72H9[3;69H[?25h[?25le[43;71H40[3;70H[?25h[?25lt[43;72H1[3;71H[?25h[?25le[43;72H2[3;72H[?25h[?25l[43;72H3[3;73H[?25h[?25li[43;72H4[3;74H[?25h[?25lm[43;72H5[3;75H[?25h[?25la[43;72H6[3;76H[?25h[?25lg[43;72H7[3;77H[?25h[?25le[43;72H8[3;78H[?25h[?25l[43;72H9[3;79H[?25h[?25l[43;72H8[3;78H[?25h[?25ls[43;72H9[3;79H[?25h[?25l[43;71H50[3;80H[?25h[?25la[43;72H1[3;81H[?25h[?25ls[43;72H2[3;82H[?25h[?25l[43;72H3[3;83H[?25h[?25lw[43;72H4[3;84H[?25h[?25le[43;72H5[3;85H[?25h[?25ll[43;72H6[4;1H[?25h[?25ll[4;2H[K[43;72H7[4;2H[?25h[?25l[43;72H8[4;3H[?25h[?25la[43;72H9[4;4H[?25h[?25ls[43;71H60[4;5H[?25h[?25l[43;72H1[4;6H[?25h[?25la[43;72H2[4;7H[?25h[?25lc[43;72H3[4;8H[?25h[?25lc[43;72H4[4;9H[?25h[?25le[43;72H5[4;10H[?25h[?25ls[43;72H6[4;11H[?25h[?25ls[43;72H7[4;12H[?25h[?25l[43;72H8[4;13H[?25h[?25li[43;72H9[4;14H[?25h[?25lt[43;71H70[4;15H[?25h[?25ls[43;72H1[4;16H[?25h[?25l[43;72H2[4;17H[?25h[?25lm[43;72H3[4;18H[?25h[?25le[43;72H4[4;19H[?25h[?25lm[43;72H5[4;20H[?25h[?25le[43;72H6[4;21H[?25h[?25l[4;20H[K[43;72H5[4;20H[?25h[?25lb[43;72H6[4;21H[?25h[?25le[43;72H7[4;22H[?25h[?25lr[43;72H8[4;23H[?25h[?25ls[43;72H9[4;24H[?25h[?25l.[43;71H80[4;25H[?25h[?25l[43;72H1[4;26H[?25h[?25lT[43;72H2[4;27H[?25h[?25lh[43;72H3[4;28H[?25h[?25le[43;72H4[4;29H[?25h[?25l[43;72H5[4;30H[?25h[?25li[43;72H6[4;31H[?25h[?25ln[43;72H7[4;32H[?25h[?25li[43;72H8[4;33H[?25h[?25lt[43;72H9[4;34H[?25h[?25li[43;71H90[4;35H[?25h[?25la[43;72H1[4;36H[?25h[?25ll[43;72H2[4;37H[?25h[?25l[43;72H3[4;38H[?25h[?25lu[43;72H4[4;39H[?25h[?25l[4;38H[K[43;72H3[4;38H[?25h[?25lh[43;72H4[4;39H[?25h[?25lu[43;72H5[4;40H[?25h[?25lr[43;72H6[4;41H[?25h[?25ld[43;72H7[4;42H[?25h[?25ll[43;72H8[4;43H[?25h[?25le[43;72H9[4;44H[?25h[?25l[43;70H300[4;45H[?25h[?25lw[43;72H1[4;46H[?25h[?25la[43;72H2[4;47H[?25h[?25ls[43;72H3[4;48H[?25h[?25l[43;72H4[4;49H[?25h[?25lu[43;72H5[4;50H[?25h[?25ln[43;72H6[4;51H[?25h[?25ld[43;72H7[4;52H[?25h[?25le[43;72H8[4;53H[?25h[?25lr[43;72H9[4;54H[?25h[?25ls[43;71H10[4;55H[?25h[?25lt[43;72H1[4;56H[?25h[?25la[43;72H2[4;57H[?25h[?25ln[43;72H3[4;58H[?25h[?25ld[43;72H4[4;59H[?25h[?25li[43;72H5[4;60H[?25h[?25ln[43;72H6[4;61H[?25h[?25lg[43;72H7[4;62H[?25h[?25l[43;72H8[4;63H[?25h[?25lh[43;72H9[4;64H[?25h[?25lo[43;71H20[4;65H[?25h[?25lw[43;72H1[4;66H[?25h[?25l[43;72H2[4;67H[?25h[?25lt[43;72H3[4;68H[?25h[?25lo[43;72H4[4;69H[?25h[?25l[43;72H5[4;70H[?25h[?25lr[43;72H6[4;71H[?25h[?25le[43;72H7[4;72H[?25h[?25lf[43;72H8[4;73H[?25h[?25le[43;72H9[4;74H[?25h[?25lr[43;71H30[4;75H[?25h[?25le[43;72H1[4;76H[?25h[?25ln[43;72H2[4;77H[?25h[?25lc[43;72H3[4;78H[?25h[?25le[43;72H4[4;79H[?25h[?25l[43;72H5[4;80H[?25h[?25la[43;72H6[4;81H[?25h[?25l[43;72H7[4;82H[?25h[?25ls[43;72H8[4;83H[?25h[?25lp[43;72H9[4;84H[?25h[?25le[43;71H40[4;85H[?25h[?25lc[43;72H1[5;1H[?25h[?25li[5;2H[K[43;72H2[5;2H[?25h[?25lf[43;72H3[5;3H[?25h[?25li[43;72H4[5;4H[?25h[?25lc[43;72H5[5;5H[?25h[?25l[43;72H6[5;6H[?25h[?25lp[43;72H7[5;7H[?25h[?25li[43;72H8[5;8H[?25h[?25lx[43;72H9[5;9H[?25h[?25le[43;71H50[5;10H[?25h[?25ll[43;72H1[5;11H[?25h[?25l[43;72H2[5;12H[?25h[?25lu[43;72H3[5;13H[?25h[?25ls[43;72H4[5;14H[?25h[?25li[43;72H5[5;15H[?25h[?25ln[43;72H6[5;16H[?25h[?25lg[43;72H7[5;17H[?25h[?25l[43;72H8[5;18H[?25h[?25lt[43;72H9[5;19H[?25h[?25lh[43;71H60[5;20H[?25h[?25le[43;72H1[5;21H[?25h[?25l[43;72H2[5;22H[?25h[?25ld[43;72H3[5;23H[?25h[?25le[43;72H4[5;24H[?25h[?25lf[43;72H5[5;25H[?25h[?25li[43;72H6[5;26H[?25h[?25ln[43;72H7[5;27H[?25h[?25le[43;72H8[5;28H[?25h[?25ld[43;72H9[5;29H[?25h[?25l[43;71H70[5;30H[?25h[?25lf[43;72H1[5;31H[?25h[?25lu[43;72H2[5;32H[?25h[?25ln[43;72H3[5;33H[?25h[?25lc[43;72H4[5;34H[?25h[?25lt[43;72H5[5;35H[?25h[?25li[43;72H6[5;36H[?25h[?25lo[43;72H7[5;37H[?25h[?25ln[43;72H8[5;38H[?25h[?25ls[43;72H9[5;39H[?25h[?25l[43;71H80[5;40H[?25h[?25l[43;71H79[5;39H[?25h[?25l.[43;71H80[5;40H[?25h[?25l[43;72H1[5;41H[?25h[?25lA[43;72H2[5;42H[?25h[?25lf[43;72H3[5;43H[?25h[?25lt[43;72H4[5;44H[?25h[?25le[43;72H5[5;45H[?25h[?25lr[43;72H6[5;46H[?25h[?25lw[43;72H7[5;47H[?25h[?25la[43;72H8[5;48H[?25h[?25lr[43;72H9[5;49H[?25h[?25ld[43;71H90[5;50H[?25h[?25ls[43;72H1[5;51H[?25h[?25l[43;72H2[5;52H[?25h[?25lt[43;72H3[5;53H[?25h[?25l[5;52H[K[43;72H2[5;52H[?25h[?25li[43;72H3[5;53H[?25h[?25lt[43;72H4[5;54H[?25h[?25l[43;72H5[5;55H[?25h[?25lw[43;72H6[5;56H[?25h[?25la[43;72H7[5;57H[?25h[?25ls[43;72H8[5;58H[?25h[?25l[43;72H9[5;59H[?25h[?25lf[43;70H400[5;60H[?25h[?25li[43;72H1[5;61H[?25h[?25ln[43;72H2[5;62H[?25h[?25ld[43;72H3[5;63H[?25h[?25li[43;72H4[5;64H[?25h[?25ln[43;72H5[5;65H[?25h[?25lg[43;72H6[5;66H[?25h[?25l[43;72H7[5;67H[?25h[?25la[43;72H8[5;68H[?25h[?25l[43;72H9[5;69H[?25h[?25lw[43;71H10[5;70H[?25h[?25la[43;72H1[5;71H[?25h[?25ly[43;72H2[5;72H[?25h[?25l[43;72H3[5;73H[?25h[?25lt[43;72H4[5;74H[?25h[?25lo[43;72H5[5;75H[?25h[?25l[43;72H6[5;76H[?25h[?25lm[43;72H7[5;77H[?25h[?25lo[43;72H8[5;78H[?25h[?25ld[43;72H9[5;79H[?25h[?25li[43;71H20[5;80H[?25h[?25lf[43;72H1[5;81H[?25h[?25ly[43;72H2[5;82H[?25h[?25l[43;72H3[5;83H[?25h[?25lt[43;72H4[5;84H[?25h[?25lh[43;72H5[5;85H[?25h[?25le[43;72H6[6;1H[?25h[?25l [6;2H[K[43;72H7[6;2H[?25h[?25lF[43;72H8[6;3H[?25h[?25li[43;72H9[6;4H[?25h[?25ll[43;71H30[6;5H[?25h[?25le[43;72H1[6;6H[?25h[?25lI[43;72H2[6;7H[?25h[?25lO[43;72H3[6;8H[?25h[?25l.[43;72H4[6;9H[?25h[?25lc[43;72H5[6;10H[?25h[?25l[43;72H6[6;11H[?25h[?25lo[43;72H7[6;12H[?25h[?25lp[43;72H8[6;13H[?25h[?25le[43;72H9[6;14H[?25h[?25lr[43;71H40[6;15H[?25h[?25la[43;72H1[6;16H[?25h[?25lt[43;72H2[6;17H[?25h[?25li[43;72H3[6;18H[?25h[?25lo[43;72H4[6;19H[?25h[?25ln[43;72H5[6;20H[?25h[?25ls[43;72H6[6;21H[?25h[?25l[43;72H7[6;22H[?25h[?25lt[43;72H8[6;23H[?25h[?25lo[43;72H9[6;24H[?25h[?25l[43;71H50[6;25H[?25h[?25lp[43;72H1[6;26H[?25h[?25lr[43;72H2[6;27H[?25h[?25lo[43;72H3[6;28H[?25h[?25lp[43;72H4[6;29H[?25h[?25le[43;72H5[6;30H[?25h[?25lr[43;72H6[6;31H[?25h[?25ll[43;72H7[6;32H[?25h[?25ly[43;72H8[6;33H[?25h[?25l[43;72H9[6;34H[?25h[?25ll[43;71H60[6;35H[?25h[?25la[43;72H1[6;36H[?25h[?25lo[43;72H2[6;37H[?25h[?25ld[43;72H3[6;38H[?25h[?25l[43;72H4[6;39H[?25h[?25la[43;72H5[6;40H[?25h[?25ln[43;72H6[6;41H[?25h[?25ld[43;72H7[6;42H[?25h[?25l[6;41H[K[43;72H6[6;41H[?25h[?25l[6;40H[K[43;72H5[6;40H[?25h[?25l[6;39H[K[43;72H4[6;39H[?25h[?25l[43;72H3[6;38H[?25h[?25l[6;37H[K[43;72H2[6;37H[?25h[?25l[6;36H[K[43;72H1[6;36H[?25h[?25l[6;35H[K[43;72H0[6;35H[?25h[?25lo[43;72H1[6;36H[?25h[?25la[43;72H2[6;37H[?25h[?25ld[43;72H3[6;38H[?25h[?25l[43;72H4[6;39H[?25h[?25la[43;72H5[6;40H[?25h[?25ln[43;72H6[6;41H[?25h[?25ld[43;72H7[6;42H[?25h[?25l[43;72H8[6;43H[?25h[?25ls[43;72H9[6;44H[?25h[?25la[43;71H70[6;45H[?25h[?25lv[43;72H1[6;46H[?25h[?25le[43;72H2[6;47H[?25h[?25l.[43;72H3[6;48H[?25h[?25l[7;1H[K[43;68H2,1  [7;1H[?25h[?25l[8;1H[K[43;68H3[8;1H[?25h[?25lC[43;70H2[8;2H[?25h[?25lo[43;70H3[8;3H[?25h[?25ln[43;70H4[8;4H[?25h[?25lv[43;70H5[8;5H[?25h[?25le[43;70H6[8;6H[?25h[?25lr[43;70H7[8;7H[?25h[?25lt[43;70H8[8;8H[?25h[?25li[43;70H9[8;9H[?25h[?25ln[43;70H10[8;10H[?25h[?25lg[43;71H1[8;11H[?25h[?25l[43;71H2[8;12H[?25h[?25lt[43;71H3[8;13H[?25h[?25lh[43;71H4[8;14H[?25h[?25le[43;71H5[8;15H[?25h[?25l[43;71H6[8;16H[?25h[?25lp[43;71H7[8;17H[?25h[?25lr[43;71H8[8;18H[?25h[?25lo[43;71H9[8;19H[?25h[?25lv[43;70H20[8;20H[?25h[?25li[43;71H1[8;21H[?25h[?25ld[43;71H2[8;22H[?25h[?25le[43;71H3[8;23H[?25h[?25ld[43;71H4[8;24H[?25h[?25l[43;71H5[8;25H[?25h[?25ld[43;71H6[8;26H[?25h[?25lo[43;71H7[8;27H[?25h[?25ls[43;71H8[8;28H[?25h[?25l[8;27H[K[43;71H7[8;27H[?25h[?25l[8;26H[K[43;71H6[8;26H[?25h[?25l[8;25H[K[43;71H5[8;25H[?25h[?25ls[43;71H6[8;26H[?25h[?25lo[43;71H7[8;27H[?25h[?25ll[43;71H8[8;28H[?25h[?25lu[43;71H9[8;29H[?25h[?25lt[43;70H30[8;30H[?25h[?25lo[43;71H1[8;31H[?25h[?25li[43;71H2[8;32H[?25h[?25l[8;31H[K[43;71H1[8;31H[?25h[?25l[8;30H[K[43;71H0[8;30H[?25h[?25li[43;71H1[8;31H[?25h[?25lo[43;71H2[8;32H[?25h[?25ln[43;71H3[8;33H[?25h[?25ls[43;71H4[8;34H[?25h[?25l[43;71H5[8;35H[?25h[?25lf[43;71H6[8;36H[?25h[?25lo[43;71H7[8;37H[?25h[?25lr[43;71H8[8;38H[?25h[?25l[43;71H9[8;39H[?25h[?25lD[43;70H40[8;40H[?25h[?25lI[43;71H1[8;41H[?25h[?25lP[43;71H2[8;42H[?25h[?25ls[43;71H3[8;43H[?25h[?25l.[43;71H4[8;44H[?25h[?25lc[43;71H5[8;45H[?25h[?25l[43;71H6[8;46H[?25h[?25la[43;71H7[8;47H[?25h[?25ln[43;71H8[8;48H[?25h[?25ld[43;71H9[8;49H[?25h[?25l[43;70H50[8;50H[?25h[?25lA[43;71H1[8;51H[?25h[?25ld[43;71H2[8;52H[?25h[?25lv[43;71H3[8;53H[?25h[?25la[43;71H4[8;54H[?25h[?25ln[43;71H5[8;55H[?25h[?25lc[43;71H6[8;56H[?25h[?25le[43;71H7[8;57H[?25h[?25ld[43;71H8[8;58H[?25h[?25l.[43;71H9[8;59H[?25h[?25lc[43;70H60[8;60H[?25h[?25l[43;71H1[8;61H[?25h[?25lw[43;71H2[8;62H[?25h[?25la[43;71H3[8;63H[?25h[?25ls[43;71H4[8;64H[?25h[?25l[43;71H5[8;65H[?25h[?25lf[43;71H6[8;66H[?25h[?25li[43;71H7[8;67H[?25h[?25l[8;66H[K[43;71H6[8;66H[?25h[?25la[43;71H7[8;67H[?25h[?25li[43;71H8[8;68H[?25h[?25lr[43;71H9[8;69H[?25h[?25ll[43;70H70[8;70H[?25h[?25ly[43;71H1[8;71H[?25h[?25l[43;71H2[8;72H[?25h[?25ls[43;71H3[8;73H[?25h[?25li[43;71H4[8;74H[?25h[?25lm[43;71H5[8;75H[?25h[?25ll[43;71H6[8;76H[?25h[?25lp[43;71H7[8;77H[?25h[?25le[43;71H8[8;78H[?25h[?25l[8;77H[K[43;71H7[8;77H[?25h[?25l[8;76H[K[43;71H6[8;76H[?25h[?25l[8;75H[K[43;71H5[8;75H[?25h[?25lp[43;71H6[8;76H[?25h[?25ll[43;71H7[8;77H[?25h[?25le[43;71H8[8;78H[?25h[?25l[43;71H9[8;79H[?25h[?25ls[43;70H80[8;80H[?25h[?25li[43;71H1[8;81H[?25h[?25ln[43;71H2[8;82H[?25h[?25lc[43;71H3[8;83H[?25h[?25le[43;71H4[8;84H[?25h[?25l[43;71H5[8;85H[?25h[?25lm[43;71H6[9;1H[?25h[?25lo[9;2H[K[43;71H7[9;2H[?25h[?25ls[43;71H8[9;3H[?25h[?25lt[43;71H9[9;4H[?25h[?25l[43;70H90[9;5H[?25h[?25lo[43;71H1[9;6H[?25h[?25lf[43;71H2[9;7H[?25h[?25l[43;71H3[9;8H[?25h[?25li[43;71H4[9;9H[?25h[?25lt[43;71H5[9;10H[?25h[?25l[43;71H6[9;11H[?25h[?25lw[43;71H7[9;12H[?25h[?25la[43;71H8[9;13H[?25h[?25ls[43;71H9[9;14H[?25h[?25l[43;70H100[9;15H[?25h[?25lr[43;72H1[9;16H[?25h[?25le[43;72H2[9;17H[?25h[?25lp[43;72H3[9;18H[?25h[?25ll[43;72H4[9;19H[?25h[?25la[43;72H5[9;20H[?25h[?25lc[43;72H6[9;21H[?25h[?25li[43;72H7[9;22H[?25h[?25ln[43;72H8[9;23H[?25h[?25lg[43;72H9[9;24H[?25h[?25l[43;71H10[9;25H[?25h[?25la[43;72H1[9;26H[?25h[?25lc[43;72H2[9;27H[?25h[?25lc[43;72H3[9;28H[?25h[?25le[43;72H4[9;29H[?25h[?25ls[43;72H5[9;30H[?25h[?25ls[43;72H6[9;31H[?25h[?25lo[43;72H7[9;32H[?25h[?25l[9;31H[K[43;72H6[9;31H[?25h[?25l[9;30H[K[43;72H5[9;30H[?25h[?25l[9;29H[K[43;72H4[9;29H[?25h[?25l[9;28H[K[43;72H3[9;28H[?25h[?25l[9;27H[K[43;72H2[9;27H[?25h[?25l[9;26H[K[43;72H1[9;26H[?25h[?25l[9;25H[K[43;72H0[9;25H[?25h[?25lc[43;72H1[9;26H[?25h[?25lo[43;72H2[9;27H[?25h[?25ld[43;72H3[9;28H[?25h[?25le[43;72H4[9;29H[?25h[?25l[43;72H5[9;30H[?25h[?25lf[43;72H6[9;31H[?25h[?25lo[43;72H7[9;32H[?25h[?25lr[43;72H8[9;33H[?25h[?25l[43;72H9[9;34H[?25h[?25la[43;71H20[9;35H[?25h[?25lc[43;72H1[9;36H[?25h[?25lc[43;72H2[9;37H[?25h[?25le[43;72H3[9;38H[?25h[?25ls[43;72H4[9;39H[?25h[?25ls[43;72H5[9;40H[?25h[?25li[43;72H6[9;41H[?25h[?25ln[43;72H7[9;42H[?25h[?25lg[43;72H8[9;43H[?25h[?25l[43;72H9[9;44H[?25h[?25ld[43;71H30[9;45H[?25h[?25la[43;72H1[9;46H[?25h[?25lt[43;72H2[9;47H[?25h[?25la[43;72H3[9;48H[?25h[?25l[43;72H4[9;49H[?25h[?25ls[43;72H5[9;50H[?25h[?25lt[43;72H6[9;51H[?25h[?25la[43;72H7[9;52H[?25h[?25l[9;51H[K[43;72H6[9;51H[?25h[?25lo[43;72H7[9;52H[?25h[?25lr[43;72H8[9;53H[?25h[?25le[43;72H9[9;54H[?25h[?25ld[43;71H40[9;55H[?25h[?25l[43;72H1[9;56H[?25h[?25li[43;72H2[9;57H[?25h[?25ln[43;72H3[9;58H[?25h[?25l[43;72H4[9;59H[?25h[?25lc[43;72H5[9;60H[?25h[?25lh[43;72H6[9;61H[?25h[?25la[43;72H7[9;62H[?25h[?25ln[43;72H8[9;63H[?25h[?25ln[43;72H9[9;64H[?25h[?25le[43;71H50[9;65H[?25h[?25ll[43;72H1[9;66H[?25h[?25ls[43;72H2[9;67H[?25h[?25l[9;66H[K[43;72H1[9;66H[?25h[?25l[9;65H[K[43;72H0[9;65H[?25h[?25l[9;64H[K[43;71H49[9;64H[?25h[?25l[9;63H[K[43;72H8[9;63H[?25h[?25l[9;62H[K[43;72H7[9;62H[?25h[?25l[9;61H[K[43;72H6[9;61H[?25h[?25l[9;60H[K[43;72H5[9;60H[?25h[?25l[9;59H[K[43;72H4[9;59H[?25h[?25lt[43;72H5[9;60H[?25h[?25lh[43;72H6[9;61H[?25h[?25le[43;72H7[9;62H[?25h[?25l[43;72H8[9;63H[?25h[?25lR[43;72H9[9;64H[?25h[?25lG[43;71H50[9;65H[?25h[?25lB[43;72H1[9;66H[?25h[?25l[43;72H2[9;67H[?25h[?25lc[43;72H3[9;68H[?25h[?25lh[43;72H4[9;69H[?25h[?25la[43;72H5[9;70H[?25h[?25ll[43;72H6[9;71H[?25h[?25ll[43;72H7[9;72H[?25h[?25le[43;72H8[9;73H[?25h[?25ln[43;72H9[9;74H[?25h[?25ls[43;71H60[9;75H[?25h[?25l[43;72H1[9;76H[?25h[?25l[43;72H0[9;75H[?25h[?25l[43;71H59[9;74H[?25h[?25l[43;72H8[9;73H[?25h[?25l[43;72H7[9;72H[?25h[?25l[43;72H6[9;71H[?25h[?25l[43;72H5[9;70H[?25h[?25l[43;72H4[9;69H[?25h[?25l[43;72H3[9;68H[?25h[?25l[43;72H2[9;67H[?25h[?25l[43;72H1[9;66H[?25h[?25l[43;72H0[9;65H[?25h[?25l[43;71H49[9;64H[?25h[?25l[43;72H8[9;63H[?25h[?25l[43;72H7[9;62H[?25h[?25l[43;72H6[9;61H[?25h[?25l[43;72H5[9;60H[?25h[?25l[43;72H4[9;59H[?25h[?25l[43;72H3[9;58H[?25h[?25l[43;72H2[9;57H[?25h[?25l[43;72H1[9;56H[?25h[?25l[43;72H0[9;55H[?25h[?25l[43;71H39[9;54H[?25h[?25l[43;72H8[9;53H[?25h[?25l[43;72H7[9;52H[?25h[?25l[43;72H6[9;51H[?25h[?25l[43;72H5[9;50H[?25h[?25l[43;72H4[9;49H[?25h[?25l[43;72H3[9;48H[?25h[?25l[43;72H2[9;47H[?25h[?25l[43;72H1[9;46H[?25h[?25l[43;72H0[9;45H[?25h[?25l[43;71H29[9;44H[?25h[?25l[43;72H8[9;43H[?25h[?25l  data stored in the RGB challens[43;72H9[9;44H[?25h[?25la data stored in the RGB challens[43;71H30[9;45H[?25h[?25ln data stored in the RGB challens[43;72H1[9;46H[?25h[?25ld data stored in the RGB challens[43;72H2[9;47H[?25h[?25l  data stored in the RGB challens[43;72H3[9;48H[?25h[?25lr data stored in the RGB challens[43;72H4[9;49H[?25h[?25lp data stored in the RGB challens[43;72H5[9;50H[?25h[?25le data stored in the RGB challens[43;72H6[9;51H[?25h[?25ll data stored in the RGB challens[43;72H7[9;52H[?25h[?25lc data stored in the RGB challens[43;72H8[9;53H[?25h[?25la data stored in the RGB challens[10;1H [10;2H[K[43;72H9[9;54H[?25h[?25li data stored in the RGB challen[10;1Hs[43;71H40[9;55H[?25h[?25ln data stored in the RGB challe[10;1Hns[43;72H1[9;56H[?25h[?25lg data stored in the RGB chall[10;1Hens[43;72H2[9;57H[?25h[?25l[43;71H75[10;5H[?25h[?25la[43;72H6[10;6H[?25h[?25ls[43;72H7[10;7H[?25h[?25l[43;72H8[10;8H[?25h[?25l[43;72H7[10;7H[?25h[?25l[10;6H[K[43;72H6[10;6H[?25h[?25l[10;5H[K[43;72H5[10;5H[?25h[?25lw[43;72H6[10;6H[?25h[?25li[43;72H7[10;7H[?25h[?25lt[43;72H8[10;8H[?25h[?25lh[43;72H9[10;9H[?25h[?25l[43;71H80[10;10H[?25h[?25lt[43;72H1[10;11H[?25h[?25lh[43;72H2[10;12H[?25h[?25le[43;72H3[10;13H[?25h[?25l[43;72H4[10;14H[?25h[?25ln[43;72H5[10;15H[?25h[?25le[43;72H6[10;16H[?25h[?25lw[43;72H7[10;17H[?25h[?25l[43;72H8[10;18H[?25h[?25lS[43;72H9[10;19H[?25h[?25le[43;71H90[10;20H[?25h[?25lt[43;72H1[10;21H[?25h[?25lt[43;72H2[10;22H[?25h[?25le[43;72H3[10;23H[?25h[?25lr[43;72H4[10;24H[?25h[?25ls[43;72H5[10;25H[?25h[?25l[43;72H6[10;26H[?25h[?25la[43;72H7[10;27H[?25h[?25ln[43;72H8[10;28H[?25h[?25ld[43;72H9[10;29H[?25h[?25l[43;70H200[10;30H[?25h[?25lG[43;72H1[10;31H[?25h[?25le[43;72H2[10;32H[?25h[?25lt[43;72H3[10;33H[?25h[?25lt[43;72H4[10;34H[?25h[?25le[43;72H5[10;35H[?25h[?25lr[43;72H6[10;36H[?25h[?25ls[43;72H7[10;37H[?25h[?25l[43;72H8[10;38H[?25h[?25lf[43;72H9[10;39H[?25h[?25lu[43;71H10[10;40H[?25h[?25ln[43;72H1[10;41H[?25h[?25lc[43;72H2[10;42H[?25h[?25lt[43;72H3[10;43H[?25h[?25li[43;72H4[10;44H[?25h[?25lo[43;72H5[10;45H[?25h[?25ln[43;72H6[10;46H[?25h[?25ls[43;72H7[10;47H[?25h[?25l.[43;72H8[10;48H[?25h[?25l[43;68H2,1  [7;1H[?25h[?25l[43;68H3,218[10;48H[?25h[?25l[43;68H2,1  [7;1H[?25h[?25l[43;68H3,218[10;48H[?25h[?25l[43;72H7[10;47H[?25h[?25l[43;72H6[10;46H[?25h[?25l[43;72H5[10;45H[?25h[?25l[43;72H4[10;44H[?25h[?25l[43;72H3[10;43H[?25h[?25l[43;72H2[10;42H[?25h[?25l[43;72H1[10;41H[?25h[?25l[43;72H0[10;40H[?25h[?25l[43;71H09[10;39H[?25h[?25l[43;72H8[10;38H[?25h[?25l[43;72H7[10;37H[?25h[?25l[43;72H6[10;36H[?25h[?25l[43;72H5[10;35H[?25h[?25l[43;72H4[10;34H[?25h[?25l[43;72H3[10;33H[?25h[?25l[43;72H2[10;32H[?25h[?25l[43;72H1[10;31H[?25h[?25l[43;72H0[10;30H[?25h[?25l[43;70H199[10;29H[?25h[?25l[43;72H8[10;28H[?25h[?25l[43;72H7[10;27H[?25h[?25l[43;72H6[10;26H[?25h[?25l[43;72H5[10;25H[?25h[?25l[43;72H4[10;24H[?25h[?25l[43;72H3[10;23H[?25h[?25l[43;72H2[10;22H[?25h[?25l[43;72H1[10;21H[?25h[?25l[43;72H0[10;20H[?25h[?25l[43;71H89[10;19H[?25h[?25l[43;72H8[10;18H[?25h[?25l[43;72H7[10;17H[?25h[?25l[43;72H6[10;16H[?25h[?25l[43;72H5[10;15H[?25h[?25l[43;72H4[10;14H[?25h[?25l[43;72H3[10;13H[?25h[?25l[43;72H2[10;12H[?25h[?25l[43;72H1[10;11H[?25h[?25l[43;72H0[10;10H[?25h[?25l[43;71H79[10;9H[?25h[?25l[43;72H8[10;8H[?25h[?25l[43;72H7[10;7H[?25h[?25l[43;72H6[10;6H[?25h[?25l[43;72H5[10;5H[?25h[?25l[43;72H4[10;4H[?25h[?25l[43;72H3[10;3H[?25h[?25l[43;72H2[10;2H[?25h[?25l[43;72H1[10;1H[?25h[?25l[43;72H0[9;85H[?25h[?25l[43;71H69[9;84H[?25h[?25l[43;72H8[9;83H[?25h[?25l[43;72H7[9;82H[?25h[?25l[43;72H6[9;81H[?25h[?25l[43;72H5[9;80H[?25h[?25l[43;72H4[9;79H[?25h[?25l[43;72H3[9;78H[?25h[?25l[43;72H2[9;77H[?25h[?25l[43;72H1[9;76H[?25h[?25l[43;72H0[9;75H[?25h[?25l[43;71H59[9;74H[?25h[?25l[43;72H8[9;73H[?25h[?25l[43;72H7[9;72H[?25h[?25l[43;72H6[9;71H[?25h[?25l[43;72H5[9;70H[?25h[?25l[43;72H4[9;69H[?25h[?25l[43;72H3[9;68H[?25h[?25l[43;72H2[9;67H[?25h[?25l[43;72H1[9;66H[?25h[?25l[43;72H0[9;65H[?25h[?25l[43;71H49[9;64H[?25h[?25l[43;72H8[9;63H[?25h[?25l[43;72H7[9;62H[?25h[?25l[43;72H6[9;61H[?25h[?25l[43;72H5[9;60H[?25h[?25l[43;72H4[9;59H[?25h[?25l[43;72H3[9;58H[?25h[?25l[43;72H2[9;57H[?25h[?25l[43;72H1[9;56H[?25h[?25l[43;72H0[9;55H[?25h[?25l[43;71H39[9;54H[?25h[?25l[43;72H8[9;53H[?25h[?25l[43;72H7[9;52H[?25h[?25l[43;72H6[9;51H[?25h[?25l[43;72H5[9;50H[?25h[?25l[43;72H4[9;49H[?25h[?25l[43;72H3[9;48H[?25h[?25l[43;72H4[9;49H[?25h[?25l[43;72H5[9;50H[?25h[?25lelcaing data stored in the RGB challe[10;1Hns with the new Setters and Getters functions.[10;47H[K[43;72H4[9;49H[?25h[?25leelcaing data stored in the RGB chall[10;1Hens with the new Setters and Getters functions.[43;72H5[9;50H[?25h[?25l[43;72H6[9;51H[?25h[?25llcaing data stored in the RGB challe[10;1Hns with the new Setters and Getters functions.[10;47H[K[43;72H5[9;50H[?25h[?25lplcaing data stored in the RGB chall[10;1Hens with the new Setters and Getters functions.[43;72H6[9;51H[?25h[43;1H[K[9;50H[?25l[43;68H3,135[9CAll[9;50H[?25h[?25l[43;72H6[9;51H[?25h[?25l[43;1H[1m-- INSERT --[0m[43;68H[K[43;68H3,136[9CAll[9;51H[?25h[?25l[43;68H2,1  [7;1H[?25h[?25l[43;68H3,136[9;51H[?25h[?25l[43;72H7[9;52H[?25h[?25l[43;72H8[9;53H[?25h[?25l[43;72H9[9;54H[?25h[?25ling data stored in the RGB challe[10;1Hns with the new Setters and Getters functions.[10;47H[K[43;72H8[9;53H[?25h[?25ling data stored in the RGB challen[10;1Hs with the new Setters and Getters functions.[10;46H[K[43;72H7[9;52H[?25h[?25laing data stored in the RGB challe[10;1Hns with the new Setters and Getters functions.[43;72H8[9;53H[?25h[?25lcing data stored in the RGB chall[10;1Hens with the new Setters and Getters functions.[43;72H9[9;54H[?25h[?25l[43;70H218[10;48H[?25h[?25l[43;72H9[10;49H[?25h[?25lF[43;71H20[10;50H[?25h[?25lo[43;72H1[10;51H[?25h[?25lr[43;72H2[10;52H[?25h[?25l[43;72H3[10;53H[?25h[?25lt[43;72H4[10;54H[?25h[?25lh[43;72H5[10;55H[?25h[?25le[43;72H6[10;56H[?25h[?25l[43;72H7[10;57H[?25h[?25ln[43;72H8[10;58H[?25h[?25le[43;72H9[10;59H[?25h[?25lw[43;71H30[10;60H[?25h[?25l[43;72H1[10;61H[?25h[?25lo[43;72H2[10;62H[?25h[?25lp[43;72H3[10;63H[?25h[?25le[43;72H4[10;64H[?25h[?25lr[43;72H5[10;65H[?25h[?25la[43;72H6[10;66H[?25h[?25lt[43;72H7[10;67H[?25h[?25li[43;72H8[10;68H[?25h[?25lo[43;72H9[10;69H[?25h[?25ln[43;71H40[10;70H[?25h[?25ls[43;72H1[10;71H[?25h[?25l[43;72H2[10;72H[?25h[?25li[43;72H3[10;73H[?25h[?25lt[43;72H4[10;74H[?25h[?25l[43;72H5[10;75H[?25h[?25lw[43;72H6[10;76H[?25h[?25la[43;72H7[10;77H[?25h[?25ls[43;72H8[10;78H[?25h[?25l[43;72H9[10;79H[?25h[?25la[43;71H50[10;80H[?25h[?25l[43;72H1[10;81H[?25h[?25ls[43;72H2[10;82H[?25h[?25li[43;72H3[10;83H[?25h[?25lm[43;72H4[10;84H[?25h[?25li[43;72H5[10;85H[?25h[?25ll[43;72H6[11;1H[?25h[?25la[11;2H[K[43;72H7[11;2H[?25h[?25lr[43;72H8[11;3H[?25h[?25l[43;72H9[11;4H[?25h[?25lp[43;71H60[11;5H[?25h[?25lr[43;72H1[11;6H[?25h[?25lo[43;72H2[11;7H[?25h[?25lc[43;72H3[11;8H[?25h[?25le[43;72H4[11;9H[?25h[?25ls[43;72H5[11;10H[?25h[?25ls[43;72H6[11;11H[?25h[?25l[43;72H7[11;12H[?25h[?25lt[43;72H8[11;13H[?25h[?25lo[43;72H9[11;14H[?25h[?25l[43;71H70[11;15H[?25h[?25ll[43;72H1[11;16H[?25h[?25la[43;72H2[11;17H[?25h[?25ls[43;72H3[11;18H[?25h[?25lt[43;72H4[11;19H[?25h[?25l[11;18H[K[43;72H3[11;18H[?25h[?25l[11;17H[K[43;72H2[11;17H[?25h[?25l[11;16H[K[43;72H1[11;16H[?25h[?25l[11;15H[K[43;72H0[11;15H[?25h[?25lt[43;72H1[11;16H[?25h[?25lh[43;72H2[11;17H[?25h[?25l[43;72H3[11;18H[?25h[?25l[43;72H2[11;17H[?25h[?25le[43;72H3[11;18H[?25h[?25l[43;72H4[11;19H[?25h[?25ll[43;72H5[11;20H[?25h[?25la[43;72H6[11;21H[?25h[?25ls[43;72H7[11;22H[?25h[?25lt[43;72H8[11;23H[?25h[?25l[43;72H9[11;24H[?25h[?25ll[43;71H80[11;25H[?25h[?25la[43;72H1[11;26H[?25h[?25lb[43;72H2[11;27H[?25h[?25l[43;72H3[11;28H[?25h[?25lw[43;72H4[11;29H[?25h[?25lh[43;72H5[11;30H[?25h[?25le[43;72H6[11;31H[?25h[?25lr[43;72H7[11;32H[?25h[?25l[43;72H8[11;33H[?25h[?25l[43;72H7[11;32H[?25h[?25le[43;72H8[11;33H[?25h[?25l[43;72H9[11;34H[?25h[?25li[43;71H90[11;35H[?25h[?25lt[43;72H1[11;36H[?25h[?25l[43;72H2[11;37H[?25h[?25lw[43;72H3[11;38H[?25h[?25la[43;72H4[11;39H[?25h[?25ls[43;72H5[11;40H[?25h[?25l[43;72H6[11;41H[?25h[?25ls[43;72H7[11;42H[?25h[?25li[43;72H8[11;43H[?25h[?25lm[43;72H9[11;44H[?25h[?25lp[43;70H300[11;45H[?25h[?25ll[43;72H1[11;46H[?25h[?25ly[43;72H2[11;47H[?25h[?25l[43;72H3[11;48H[?25h[?25lu[43;72H4[11;49H[?25h[?25ln[43;72H5[11;50H[?25h[?25ld[43;72H6[11;51H[?25h[?25le[43;72H7[11;52H[?25h[?25lr[43;72H8[11;53H[?25h[?25ls[43;72H9[11;54H[?25h[?25lt[43;71H10[11;55H[?25h[?25la[43;72H1[11;56H[?25h[?25ln[43;72H2[11;57H[?25h[?25ld[43;72H3[11;58H[?25h[?25li[43;72H4[11;59H[?25h[?25lg[43;72H5[11;60H[?25h[?25l[11;59H[K[43;72H4[11;59H[?25h[?25ln[43;72H5[11;60H[?25h[?25lg[43;72H6[11;61H[?25h[?25l[43;72H7[11;62H[?25h[?25lh[43;72H8[11;63H[?25h[?25lo[43;72H9[11;64H[?25h[?25lw[43;71H20[11;65H[?25h[?25l[43;72H1[11;66H[?25h[?25lt[43;72H2[11;67H[?25h[?25lo[43;72H3[11;68H[?25h[?25l[43;72H4[11;69H[?25h[?25ls[43;72H5[11;70H[?25h[?25lu[43;72H6[11;71H[?25h[?25le[43;72H7[11;72H[?25h[?25l[43;72H8[11;73H[?25h[?25lt[43;72H9[11;74H[?25h[?25l[11;73H[K[43;72H8[11;73H[?25h[?25l[43;72H7[11;72H[?25h[?25l[11;71H[K[43;72H6[11;71H[?25h[?25l[11;70H[K[43;72H5[11;70H[?25h[?25l[11;69H[K[43;72H4[11;69H[?25h[?25lu[43;72H5[11;70H[?25h[?25ls[43;72H6[11;71H[?25h[?25le[43;72H7[11;72H[?25h[?25l[43;72H8[11;73H[?25h[?25l[43;72H7[11;72H[?25h[?25l[43;72H8[11;73H[?25h[?25lt[43;72H9[11;74H[?25h[?25lh[43;71H30[11;75H[?25h[?25le[43;72H1[11;76H[?25h[?25l[43;72H2[11;77H[?25h[?25lf[43;72H3[11;78H[?25h[?25lu[43;72H4[11;79H[?25h[?25ln[43;72H5[11;80H[?25h[?25lc[43;72H6[11;81H[?25h[?25lt[43;72H7[11;82H[?25h[?25li[43;72H8[11;83H[?25h[?25lo[43;72H9[11;84H[?25h[?25ln[43;71H40[11;85H[?25h[?25ls[43;72H1[12;1H[?25h[?25l [12;2H[K[43;72H2[12;2H[?25h[?25li[43;72H3[12;3H[?25h[?25ln[43;72H4[12;4H[?25h[?25l[43;72H5[12;5H[?25h[?25lI[43;72H6[12;6H[?25h[?25lm[43;72H7[12;7H[?25h[?25la[43;72H8[12;8H[?25h[?25lg[43;72H9[12;9H[?25h[?25le[43;71H50[12;10H[?25h[?25l.[43;72H1[12;11H[?25h[?25lc[43;72H2[12;12H[?25h[?25l[43;72H3[12;13H[?25h[?25lt[43;72H4[12;14H[?25h[?25lo[43;72H5[12;15H[?25h[?25l[43;72H6[12;16H[?25h[?25lg[43;72H7[12;17H[?25h[?25le[43;72H8[12;18H[?25h[?25lt[43;72H9[12;19H[?25h[?25l[43;71H60[12;20H[?25h[?25l[43;71H59[12;19H[?25h[?25l[12;18H[K[43;72H8[12;18H[?25h[?25l[12;17H[K[43;72H7[12;17H[?25h[?25l[12;16H[K[43;72H6[12;16H[?25h[?25li[43;72H7[12;17H[?25h[?25lm[43;72H8[12;18H[?25h[?25lp[43;72H9[12;19H[?25h[?25ll[43;71H60[12;20H[?25h[?25le[43;72H1[12;21H[?25h[?25lm[43;72H2[12;22H[?25h[?25le[43;72H3[12;23H[?25h[?25ln[43;72H4[12;24H[?25h[?25lt[43;72H5[12;25H[?25h[?25l[43;72H6[12;26H[?25h[?25lt[43;72H7[12;27H[?25h[?25lh[43;72H8[12;28H[?25h[?25le[43;72H9[12;29H[?25h[?25l[43;71H70[12;30H[?25h[?25ld[43;72H1[12;31H[?25h[?25le[43;72H2[12;32H[?25h[?25lf[43;72H3[12;33H[?25h[?25li[43;72H4[12;34H[?25h[?25ln[43;72H5[12;35H[?25h[?25le[43;72H6[12;36H[?25h[?25ld[43;72H7[12;37H[?25h[?25l[43;72H8[12;38H[?25h[?25la[43;72H9[12;39H[?25h[?25ll[43;71H80[12;40H[?25h[?25lg[43;72H1[12;41H[?25h[?25lo[43;72H2[12;42H[?25h[?25lr[43;72H3[12;43H[?25h[?25li[43;72H4[12;44H[?25h[?25lt[43;72H5[12;45H[?25h[?25lh[43;72H6[12;46H[?25h[?25lm[43;72H7[12;47H[?25h[?25ls[43;72H8[12;48H[?25h[?25l.[43;72H9[12;49H[?25h[?25l[13;1H[K[43;68H4,1  [13;1H[?25h[?25l[14;1H[K[43;68H5[14;1H[?25h[?25lT[43;70H2[14;2H[?25h[?25lh[43;70H3[14;3H[?25h[?25le[43;70H4[14;4H[?25h[?25l[43;70H5[14;5H[?25h[?25ll[43;70H6[14;6H[?25h[?25la[43;70H7[14;7H[?25h[?25ls[43;70H8[14;8H[?25h[?25lt[43;70H9[14;9H[?25h[?25l[43;70H10[14;10H[?25h[?25l[43;70H9 [14;9H[?25h[?25l[14;8H[K[43;70H8[14;8H[?25h[?25l[14;7H[K[43;70H7[14;7H[?25h[?25l[14;6H[K[43;70H6[14;6H[?25h[?25l[14;5H[K[43;70H5[14;5H[?25h[?25ll[43;70H6[14;6H[?25h[?25la[43;70H7[14;7H[?25h[?25ls[43;70H8[14;8H[?25h[?25lt[43;70H9[14;9H[?25h[?25l[43;70H10[14;10H[?25h[?25lc[43;71H1[14;11H[?25h[?25lh[43;71H2[14;12H[?25h[?25la[43;71H3[14;13H[?25h[?25ll[43;71H4[14;14H[?25h[?25ll[43;71H5[14;15H[?25h[?25le[43;71H6[14;16H[?25h[?25ln[43;71H7[14;17H[?25h[?25lg[43;71H8[14;18H[?25h[?25le[43;71H9[14;19H[?25h[?25l[43;70H20[14;20H[?25h[?25lw[43;71H1[14;21H[?25h[?25la[43;71H2[14;22H[?25h[?25ls[43;71H3[14;23H[?25h[?25l[43;71H4[14;24H[?25h[?25lo[43;71H5[14;25H[?25h[?25lr[43;71H6[14;26H[?25h[?25lg[43;71H7[14;27H[?25h[?25la[43;71H8[14;28H[?25h[?25ln[43;71H9[14;29H[?25h[?25li[43;70H30[14;30H[?25h[?25lz[43;71H1[14;31H[?25h[?25li[43;71H2[14;32H[?25h[?25ln[43;71H3[14;33H[?25h[?25lg[43;71H4[14;34H[?25h[?25l[43;71H5[14;35H[?25h[?25lh[43;71H6[14;36H[?25h[?25lo[43;71H7[14;37H[?25h[?25lw[43;71H8[14;38H[?25h[?25lt[43;71H9[14;39H[?25h[?25l[43;70H40[14;40H[?25h[?25l[43;70H39[14;39H[?25h[?25l[14;38H[K[43;71H8[14;38H[?25h[?25l[43;71H9[14;39H[?25h[?25lt[43;70H40[14;40H[?25h[?25lh[43;71H1[14;41H[?25h[?25le[43;71H2[14;42H[?25h[?25l[43;71H3[14;43H[?25h[?25lf[43;71H4[14;44H[?25h[?25li[43;71H5[14;45H[?25h[?25ll[43;71H6[14;46H[?25h[?25le[43;71H7[14;47H[?25h[?25ls[43;71H8[14;48H[?25h[?25l[43;71H9[14;49H[?25h[?25li[43;70H50[14;50H[?25h[?25ln[43;71H1[14;51H[?25h[?25lt[43;71H2[14;52H[?25h[?25le[43;71H3[14;53H[?25h[?25lr[43;71H4[14;54H[?25h[?25la[43;71H5[14;55H[?25h[?25lc[43;71H6[14;56H[?25h[?25lt[43;71H7[14;57H[?25h[?25le[43;71H8[14;58H[?25h[?25ld[43;71H9[14;59H[?25h[?25l[43;70H60[14;60H[?25h[?25lw[43;71H1[14;61H[?25h[?25li[43;71H2[14;62H[?25h[?25lt[43;71H3[14;63H[?25h[?25lh[43;71H4[14;64H[?25h[?25l[43;71H5[14;65H[?25h[?25le[43;71H6[14;66H[?25h[?25la[43;71H7[14;67H[?25h[?25lc[43;71H8[14;68H[?25h[?25lh[43;71H9[14;69H[?25h[?25l[43;70H70[14;70H[?25h[?25lo[43;71H1[14;71H[?25h[?25lt[43;71H2[14;72H[?25h[?25lh[43;71H3[14;73H[?25h[?25le[43;71H4[14;74H[?25h[?25lr[43;71H5[14;75H[?25h[?25l.[43;71H6[14;76H[?25h[?25l[43;71H7[14;77H[?25h[?25lT[43;71H8[14;78H[?25h[?25lh[43;71H9[14;79H[?25h[?25li[43;70H80[14;80H[?25h[?25ls[43;71H1[14;81H[?25h[?25l[43;71H2[14;82H[?25h[?25lm[43;71H3[14;83H[?25h[?25le[43;71H4[14;84H[?25h[?25la[43;71H5[14;85H[?25h[?25ln[43;71H6[15;1H[?25h[?25lt[15;2H[K[43;71H7[15;2H[?25h[?25l[94m~                                                                                    [0m[43;71H6[15;1H[?25h[?25l[14;85H[K[43;71H5[14;85H[?25h[?25l[14;84H[K[43;71H4[14;84H[?25h[?25l[14;83H[K[43;71H3[14;83H[?25h[?25l[14;82H[K[43;71H2[14;82H[?25h[?25l[43;71H1[14;81H[?25h[?25l[14;80H[K[43;71H0[14;80H[?25h[?25l[14;79H[K[43;70H79[14;79H[?25h[?25l[14;78H[K[43;71H8[14;78H[?25h[?25lj[43;71H9[14;79H[?25h[?25l[14;78H[K[43;71H8[14;78H[?25h[?25lh[43;71H9[14;79H[?25h[?25li[43;70H80[14;80H[?25h[?25ls[43;71H1[14;81H[?25h[?25l[43;71H2[14;82H[?25h[?25lw[43;71H3[14;83H[?25h[?25la[43;71H4[14;84H[?25h[?25ls[43;71H5[14;85H[?25h[?25l[43;71H6[15;1H[?25h[?25ls[15;2H[K[43;71H7[15;2H[?25h[?25l[94m~                                                                                    [0m[43;71H6[15;1H[?25h[?25ld[15;2H[K[43;71H7[15;2H[?25h[?25lo[43;71H8[15;3H[?25h[?25ln[43;71H9[15;4H[?25h[?25le[43;70H90[15;5H[?25h[?25l[43;71H1[15;6H[?25h[?25lb[43;71H2[15;7H[?25h[?25ly[43;71H3[15;8H[?25h[?25l[43;71H4[15;9H[?25h[?25l[43;71H3[15;8H[?25h[?25l[15;7H[K[43;71H2[15;7H[?25h[?25l[15;6H[K[43;71H1[15;6H[?25h[?25l[43;71H0[15;5H[?25h[?25l[15;4H[K[43;70H89[15;4H[?25h[?25l[15;3H[K[43;71H8[15;3H[?25h[?25l[15;2H[K[43;71H7[15;2H[?25h[?25l[94m~                                                                                    [0m[43;71H6[15;1H[?25h[?25l[43;71H5[14;85H[?25h[?25l[14;84H[K[43;71H4[14;84H[?25h[?25l[14;83H[K[43;71H3[14;83H[?25h[?25l[14;82H[K[43;71H2[14;82H[?25h[?25l[43;71H1[14;81H[?25h[?25l[43;71H2[14;82H[?25h[?25li[43;71H3[14;83H[?25h[?25ln[43;71H4[14;84H[?25h[?25lc[43;71H5[14;85H[?25h[?25ll[43;71H6[15;1H[?25h[?25lu[15;2H[K[43;71H7[15;2H[?25h[?25ld[43;71H8[15;3H[?25h[?25ld[43;71H9[15;4H[?25h[?25le[43;70H90[15;5H[?25h[?25l[43;71H1[15;6H[?25h[?25l[43;71H0[15;5H[?25h[?25l[15;4H[K[43;70H89[15;4H[?25h[?25l[15;3H[K[43;71H8[15;3H[?25h[?25ld[43;71H9[15;4H[?25h[?25le[43;70H90[15;5H[?25h[?25l[43;71H1[15;6H[?25h[?25lu[43;71H2[15;7H[?25h[?25l[15;6H[K[43;71H1[15;6H[?25h[?25l[43;71H0[15;5H[?25h[?25l[15;4H[K[43;70H89[15;4H[?25h[?25l[15;3H[K[43;71H8[15;3H[?25h[?25le[43;71H9[15;4H[?25h[?25ld[43;70H90[15;5H[?25h[?25l[43;71H1[15;6H[?25h[?25lu[43;71H2[15;7H[?25h[?25lp[43;71H3[15;8H[?25h[?25ld[43;71H4[15;9H[?25h[?25la[43;71H5[15;10H[?25h[?25lt[43;71H6[15;11H[?25h[?25li[43;71H7[15;12H[?25h[?25ln[43;71H8[15;13H[?25h[?25lg[43;71H9[15;14H[?25h[?25l[43;70H100[15;15H[?25h[?25lt[43;72H1[15;16H[?25h[?25lh[43;72H2[15;17H[?25h[?25le[43;72H3[15;18H[?25h[?25l[43;72H4[15;19H[?25h[?25li[43;72H5[15;20H[?25h[?25ln[43;72H6[15;21H[?25h[?25lc[43;72H7[15;22H[?25h[?25ll[43;72H8[15;23H[?25h[?25ld[43;72H9[15;24H[?25h[?25lu[43;71H10[15;25H[?25h[?25le[43;72H1[15;26H[?25h[?25ld[43;72H2[15;27H[?25h[?25l[43;72H3[15;28H[?25h[?25l[43;72H2[15;27H[?25h[?25l[15;26H[K[43;72H1[15;26H[?25h[?25l[15;25H[K[43;72H0[15;25H[?25h[?25l[15;24H[K[43;71H09[15;24H[?25h[?25l[15;23H[K[43;72H8[15;23H[?25h[?25lu[43;72H9[15;24H[?25h[?25ld[43;71H10[15;25H[?25h[?25le[43;72H1[15;26H[?25h[?25ld[43;72H2[15;27H[?25h[?25l[43;72H3[15;28H[?25h[?25lh[43;72H4[15;29H[?25h[?25le[43;72H5[15;30H[?25h[?25la[43;72H6[15;31H[?25h[?25ld[43;72H7[15;32H[?25h[?25le[43;72H8[15;33H[?25h[?25lr[43;72H9[15;34H[?25h[?25l[43;71H20[15;35H[?25h[?25lf[43;72H1[15;36H[?25h[?25li[43;72H2[15;37H[?25h[?25ll[43;72H3[15;38H[?25h[?25le[43;72H4[15;39H[?25h[?25ls[43;72H5[15;40H[?25h[?25l[43;72H6[15;41H[?25h[?25lf[43;72H7[15;42H[?25h[?25lo[43;72H8[15;43H[?25h[?25lr[43;72H9[15;44H[?25h[?25l[43;71H30[15;45H[?25h[?25ls[43;72H1[15;46H[?25h[?25le[43;72H2[15;47H[?25h[?25lv[43;72H3[15;48H[?25h[?25le[43;72H4[15;49H[?25h[?25lr[43;72H5[15;50H[?25h[?25la[43;72H6[15;51H[?25h[?25ll[43;72H7[15;52H[?25h[?25l[15;51H[K[43;72H6[15;51H[?25h[?25l[15;50H[K[43;72H5[15;50H[?25h[?25l[15;49H[K[43;72H4[15;49H[?25h[?25l[15;48H[K[43;72H3[15;48H[?25h[?25l[15;47H[K[43;72H2[15;47H[?25h[?25l[15;46H[K[43;72H1[15;46H[?25h[?25l[15;45H[K[43;72H0[15;45H[?25h[?25lt[43;72H1[15;46H[?25h[?25lh[43;72H2[15;47H[?25h[?25le[43;72H3[15;48H[?25h[?25l[43;72H4[15;49H[?25h[?25l.[43;72H5[15;50H[?25h[?25lc[43;72H6[15;51H[?25h[?25l[43;72H7[15;52H[?25h[?25lf[43;72H8[15;53H[?25h[?25li[43;72H9[15;54H[?25h[?25ll[43;71H40[15;55H[?25h[?25le[43;72H1[15;56H[?25h[?25ls[43;72H2[15;57H[?25h[?25l[43;72H3[15;58H[?25h[?25la[43;72H4[15;59H[?25h[?25ln[43;72H5[15;60H[?25h[?25ld[43;72H6[15;61H[?25h[?25l[43;72H7[15;62H[?25h[?25la[43;72H8[15;63H[?25h[?25ld[43;72H9[15;64H[?25h[?25ld[43;71H50[15;65H[?25h[?25li[43;72H1[15;66H[?25h[?25ln[43;72H2[15;67H[?25h[?25lg[43;72H3[15;68H[?25h[?25l[43;72H4[15;69H[?25h[?25lI[43;72H5[15;70H[?25h[?25lm[43;72H6[15;71H[?25h[?25la[43;72H7[15;72H[?25h[?25lg[43;72H8[15;73H[?25h[?25le[43;72H9[15;74H[?25h[?25l.[43;71H60[15;75H[?25h[?25lh[43;72H1[15;76H[?25h[?25l[43;72H2[15;77H[?25h[?25li[43;72H3[15;78H[?25h[?25ln[43;72H4[15;79H[?25h[?25lt[43;72H5[15;80H[?25h[?25lo[43;72H6[15;81H[?25h[?25l[43;72H7[15;82H[?25h[?25lt[43;72H8[15;83H[?25h[?25lh[43;72H9[15;84H[?25h[?25le[43;71H70[15;85H[?25h[?25l[43;72H1[16;1H[?25h[?25ld[16;2H[K[43;72H2[16;2H[?25h[?25le[43;72H3[16;3H[?25h[?25lp[43;72H4[16;4H[?25h[?25le[43;72H5[16;5H[?25h[?25ln[43;72H6[16;6H[?25h[?25ld[43;72H7[16;7H[?25h[?25le[43;72H8[16;8H[?25h[?25ln[43;72H9[16;9H[?25h[?25lc[43;71H80[16;10H[?25h[?25le[43;72H1[16;11H[?25h[?25l[16;10H[K[43;72H0[16;10H[?25h[?25li[43;72H1[16;11H[?25h[?25le[43;72H2[16;12H[?25h[?25ls[43;72H3[16;13H[?25h[?25l[43;72H4[16;14H[?25h[?25lo[43;72H5[16;15H[?25h[?25lf[43;72H6[16;16H[?25h[?25l[43;72H7[16;17H[?25h[?25lt[43;72H8[16;18H[?25h[?25lh[43;72H9[16;19H[?25h[?25le[43;71H90[16;20H[?25h[?25l[43;72H1[16;21H[?25h[?25lt[43;72H2[16;22H[?25h[?25la[43;72H3[16;23H[?25h[?25lr[43;72H4[16;24H[?25h[?25lg[43;72H5[16;25H[?25h[?25le[43;72H6[16;26H[?25h[?25lt[43;72H7[16;27H[?25h[?25l[43;72H8[16;28H[?25h[?25l[43;72H7[16;27H[?25h[?25l[16;26H[K[43;72H6[16;26H[?25h[?25l[16;25H[K[43;72H5[16;25H[?25h[?25l[16;24H[K[43;72H4[16;24H[?25h[?25l[16;23H[K[43;72H3[16;23H[?25h[?25l[16;22H[K[43;72H2[16;22H[?25h[?25l[16;21H[K[43;72H1[16;21H[?25h[?25l[43;72H0[16;20H[?25h[?25li[43;72H1[16;21H[?25h[?25lr[43;72H2[16;22H[?25h[?25l[43;72H3[16;23H[?25h[?25lr[43;72H4[16;24H[?25h[?25le[43;72H5[16;25H[?25h[?25ls[43;72H6[16;26H[?25h[?25lp[43;72H7[16;27H[?25h[?25le[43;72H8[16;28H[?25h[?25lc[43;72H9[16;29H[?25h[?25lt[43;70H200[16;30H[?25h[?25li[43;72H1[16;31H[?25h[?25lv[43;72H2[16;32H[?25h[?25le[43;72H3[16;33H[?25h[?25l[43;72H4[16;34H[?25h[?25lt[43;72H5[16;35H[?25h[?25la[43;72H6[16;36H[?25h[?25lr[43;72H7[16;37H[?25h[?25lg[43;72H8[16;38H[?25h[?25le[43;72H9[16;39H[?25h[?25lt[43;71H10[16;40H[?25h[?25l[43;72H1[16;41H[?25h[?25l.[43;72H2[16;42H[?25h[?25lo[43;72H3[16;43H[?25h[?25l[43;72H4[16;44H[?25h[?25lf[43;72H5[16;45H[?25h[?25li[43;72H6[16;46H[?25h[?25ll[43;72H7[16;47H[?25h[?25le[43;72H8[16;48H[?25h[?25ls[43;72H9[16;49H[?25h[?25l[43;71H20[16;50H[?25h[?25li[43;72H1[16;51H[?25h[?25ln[43;72H2[16;52H[?25h[?25l[43;72H3[16;53H[?25h[?25lM[43;72H4[16;54H[?25h[?25la[43;72H5[16;55H[?25h[?25lk[43;72H6[16;56H[?25h[?25le[43;72H7[16;57H[?25h[?25lf[43;72H8[16;58H[?25h[?25li[43;72H9[16;59H[?25h[?25ll[43;71H30[16;60H[?25h[?25le[43;72H1[16;61H[?25h[?25l.[43;72H2[16;62H[?25h[43;1H[K[16;61H[?25l[43;68H5,231[9CAll[16;61H[?25h[?25l[43;68H[K[43;1H:[?25hw[?25l[?25hq[?25l[?25h[?25l"PhotoLab.txt" 5L, 1096C written
[?25h[2J[?47l[rmagdalu@bondi hw4]$ vim Makfe[K[Kefile
[?47h[2;1Hâ–½[6n[2;1H  [1;1H[1;43r[27m[24m[0m[H[J[?25l[43;1H"Makefile" 74L, 1933C[1;1H[34m#########################################################
# Makefile: Makefile for Assignment #4 EECS22 Fall 2018 #
#########################################################

# variable definitions [0m
[36mCC [0m= gcc
[36mDEBUG  [0m= -g -DDEBUG
[34m#MYDEBUG = -g -DDEBUG
#DEBUG = -O2[0m
[36mCFLAGS [0m= -Wall -ansi -std=c99 -c
[36mLFLAGS [0m= -Wall -ansi -std=c99 -lm
[36mAR     [0m= ar rc
[36mRANLIB [0m= ranlib

[34m#IMAGES = bw.ppm edge.ppm shuffle.ppm brightness.ppm hmirror.ppm hue.ppm[0m

[36mIMAGES [0m= bw.ppm \[34m^M[0m[18;10Hedge.ppm \[34m^M[0m[19;10Hshuffle.ppm \[34m^M[0m[20;10Hbrightness.ppm \[34m^M[0m[21;10Hhmirror.ppm \[34m^M[0m[22;10Hhue.ppm \[34m^M[0m[23;10Hrotate.ppm \[34m^M[0m[24;10Hhflip.ppm \[34m^M[0m[25;10Hsaturate.ppm \[34m^M[0m[26;10Hsmallresize.ppm \[34m^M[0m[27;10Hbigresize.ppm \[34m^M

# convenience targets[0m
[36mall:[0m PhotoLab PhotoLabTest

[36mclean:[0m
[31m        rm -f *.o *.a *.jpg [0m[36m$(IMAGES)[0m
[31m        rm -f PhotoLab
        rm -f PhotoLabTest[0m

[34m### generate object files ###    [0m

[36mImage.o:[0m Image.c Image.h
[31m        [0m[36m$(CC)[0m[31m [0m[36m$(CFLAGS)[0m[31m Image.c -o Image.o[0m

[36mTest.o:[0m Test.c Test.h[43;68H24,10[9CTop[24;10H[?25h[?25l[43;69H5[25;10H[?25h[?25l[43;69H6[26;10H[?25h[?25l[43;69H7[27;10H[?25h[?25l[43;69H8,0-1[28;1H[?25h[?25l[43;69H9,10 [29;10H[?25h[?25l[43;68H30[30;10H[?25h[?25l[43;69H1,0-1[31;1H[?25h[?25l[43;69H2,6  [32;6H[?25h[?25l[43;69H3,3-10[33;10H[?25h[?25l[43;69H4[34;10H[?25h[?25l[43;69H5[35;10H[?25h[?25l[43;69H6,0-1 [36;1H[?25h[?25l[43;69H7,10 [37;10H[?25h[?25l[43;69H8,4 [38;4H[?25h[?25l[43;69H9,10[39;10H[?25h[?25l[40;10H[36m[106m([2C)[0m[43;68H40,3-10[40;10H[?25h[?25l[36m(CC)[0m[43;69H1,0-1 [41;1H[?25h[?25l[43;69H2,10 [42;10H[?25h[?25l[1;42r[42;1H
[1;43r[42;1H[31m        [0m[36m$[0m[36m[106m([0m[36mCC[0m[36m[106m)[0m[31m [0m[36m$(CFLAGS)[0m[31m Test.c -o Test.o[0m[43;1H[K[43;68H43,3-10[8C3%[42;10H[?25h[?25l[1;42r[42;1H
[1;43r[41;10H[36m(CC)[0m[43;68H[K[43;68H44,4[11C6%[42;4H[?25h[?25l[1;42r[42;1H
[1;43r[42;1H[36mFileIO.o:[0m FileIO.c FileIO.h Image.o Constants.h[43;68H[K[43;68H45,10[10C9%[42;10H[?25h[?25l[1;42r[42;1H
[1;43r[42;1H[31m        [0m[36m$[0m[36m[106m([0m[36mCC[0m[36m[106m)[0m[31m [0m[36m$(CFLAGS)[0m[31m FileIO.c -o FileIO.o[0m[43;68H[K[43;68H46,3-10[7C12%[42;10H[?25h[?25l[1;42r[42;1H
[1;43r[41;10H[36m(CC)[0m[43;68H[K[43;68H47,0-1[8C15%[42;1H[?25h[?25l[1;42r[42;1H
[1;43r[42;1H[36mDIPs.o:[0m DIPs.c DIPs.h Constants.h[43;68H[K[43;68H48,10[9C18%[42;10H[?25h[?25l[1;42r[42;1H
[1;43r[42;1H[31m        [0m[36m$[0m[36m[106m([0m[36mCC[0m[36m[106m)[0m[31m [0m[36m$(CFLAGS)[0m[31m DIPs.c -o DIPs.o[0m[43;68H[K[43;68H49,3-10[7C21%[42;10H[?25h[?25l[1;42r[42;1H
[1;43r[41;10H[36m(CC)[0m[43;68H[K[43;68H50,0-1[8C25%[42;1H[?25h[?25l[1;42r[42;1H
[1;43r[42;1H[36mAdvanced.o:[0m Advanced.c Advanced.h Constants.h[43;68H[K[43;68H51,10[9C28%[42;10H[?25h[?25l[1;42r[42;1H
[1;43r[42;1H[31m        [0m[36m$[0m[36m[106m([0m[36mCC[0m[36m[106m)[0m[31m [0m[36m$(CFLAGS)[0m[31m Advanced.c -o Advanced.o[0m[43;68H[K[43;68H52,3-10[7C31%[42;10H[?25h[?25l[1;42r[42;1H
[1;43r[41;10H[36m(CC)[0m[43;68H[K[43;68H53,0-1[8C34%[42;1H[?25h[?25l[1;42r[42;1H
[1;43r[42;1H[36mPhotoLab.o:[0m PhotoLab.c Test.h Image.h Constants.h FileIO.h DIPs.h Advanced.h[43;68H[K[43;68H54,10[9C37%[42;10H[?25h[?25l[1;42r[42;1H
[1;43r[42;1H[31m        [0m[36m$[0m[36m[106m([0m[36mCC[0m[36m[106m)[0m[31m [0m[36m$(CFLAGS)[0m[31m PhotoLab.c -o PhotoLab.o[0m[43;68H[K[43;68H55,3-10[7C40%[42;10H[?25h[?25l[1;42r[42;1H
[1;43r[41;10H[36m(CC)[0m[43;68H[K[43;68H56,0-1[8C43%[42;1H[?25h[?25l[1;42r[42;1H
[1;43r[42;1H[36mPhotoLabTest.o:[0m PhotoLab.c Test.h Image.h Constants.h FileIO.h DIPs.h Advanced.h[43;68H[K[43;68H57,10[9C46%[42;10H[?25h[?25l[1;42r[42;1H
[1;43r[42;1H[31m        [0m[36m$[0m[36m[106m([0m[36mCC[0m[36m[106m)[0m[31m [0m[36m$(CFLAGS)[0m[31m [0m[36m$(DEBUG)[0m[31m PhotoLab.c -o PhotoLabTest.o[0m[43;68H[K[43;68H58,3-10[7C50%[42;10H[?25h[?25l[1;42r[42;1H
[1;43r[41;10H[36m(CC)[0m[43;68H[K[43;68H59,0-1[8C53%[42;1H[?25h[?25l[1;42r[42;1H
[1;43r[42;1H[34m### generate library files ###    [0m[43;68H[K[43;68H60,10[9C56%[42;10H[?25h[?25l[1;42r[42;1H
[1;43r[43;68H[K[43;68H61,4[10C59%[42;4H[?25h[?25l[1;42r[42;1H
[1;43r[42;1H[36mlibFilter.a:[0m FileIO.o DIPs.o Advanced.o[43;68H[K[43;68H62,10[9C62%[42;10H[?25h[?25l[1;42r[42;1H
[1;43r[42;1H[31m        ar rcs libFilter.a DIPs.o Advanced.o[0m[43;68H[K[43;68H63,3-10[7C65%[42;10H[?25h[?25l[1;42r[42;1H
[1;43r[43;68H[K[43;68H64,0-1[8C68%[42;1H[?25h[?25l[1;42r[42;1H
[1;43r[42;1H[34m### generate executables ###    [0m[43;68H[K[43;68H65,10[9C71%[42;10H[?25h[?25l[1;42r[42;1H
[1;43r[43;68H[K[43;68H66,4[10C75%[42;4H[?25h[?25l[1;42r[42;1H
[1;43r[42;1H[36mPhotoLab:[0m Image.o Test.o FileIO.o PhotoLab.o libFilter.a[43;68H[K[43;68H67,10[9C78%[42;10H[?25h[?25l[1;42r[1;1H[2M[1;43r[41;1H[31m        [0m[36m$[0m[36m[106m([0m[36mCC[0m[36m[106m)[0m[31m [0m[36m$(LFLAGS)[0m[31m Image.o Test.o FileIO.o PhotoLab.o -lFilter -lm -L. -o PhotoL[42;1Hab[0m[43;68H[K[43;68H68,3-10[7C81%[41;10H[?25h[?25l[1;42r[42;1H
[1;43r[40;10H[36m(CC)[0m[43;68H[K[43;68H69,0-1[8C84%[42;1H[?25h[?25l[1;42r[42;1H
[1;43r[42;1H[36mPhotoLabTest:[0m Image.o Test.o FileIO.o  PhotoLabTest.o libFilter.a[43;68H[K[43;68H70,10[9C87%[42;10H[?25h[?25l[1;42r[1;1H[2M[1;43r[41;1H[31m        [0m[36m$[0m[36m[106m([0m[36mCC[0m[36m[106m)[0m[31m [0m[36m$(LFLAGS)[0m[31m Image.o Test.o FileIO.o PhotoLabTest.o -lFilter -lm -L. -o Ph[42;1HotoLabTest [0m[43;68H[K[43;68H71,3-10[7C91%[41;10H[?25h[?25l[1;42r[42;1H
[1;43r[40;10H[36m(CC)[0m[43;68H[K[43;68H72,0-1[8C94%[42;1H[?25h[?25l[1;42r[42;1H
[1;43r[43;68H[K[43;68H73,0-1[8C97%[42;1H[?25h[?25l[1;42r[42;1H
[1;43r[43;68H[K[43;68H74,0-1[8CBot[42;1H[?25h[?25l[43;68H[K[43;1H:[?25hw[?25l[?25hq[?25l[?25h[?25l"Makefile" 74L, 1933C written
[?25h[2J[?47l[rmagdalu@bondi hw4]$ cd ..
[rmagdalu@bondi ~/eecs22]$ ~eecs22/bin/listfiles.py
==============================================================
EECS 22 FALL 2018: "hw4" listing for rmagdalu
==============================================================
Files submitted for assignment "hw4":
Advanced.c
Advanced.h
Constants.h
DIPs.c
DIPs.h
FileIO.c
FileIO.h
Image.h
Test.c
Test.h
ImageTest.c
Student.c
Student.h
Makefile
Image.c
PhotoLab.c
[rmagdalu@bondi ~/eecs22]$ cd ~ee[K[Krmagdalu/eecs2/[K2/hw4
[rmagdalu@bondi hw4]$ ls
Advanced.c  [0m[38;5;13mcone.ppm[0m     DIPs.h    [38;5;13mHSSOE.ppm[0m  ImageTest.c  PhotoLab.script  Test.h
Advanced.h  Constants.h  FileIO.c  Image.c    Makefile     PhotoLab.txt
[38;5;13manime.ppm[0m   DIPs.c       FileIO.h  Image.h    PhotoLab.c   Test.c
[m[rmagdalu@bondi hw4]$ vim FileIO.c
[?47h[2;1Hâ–½[6n[2;1H  [1;1H[1;43r[27m[24m[0m[H[J[?25l[43;1H"FileIO.c" 116L, 3175C[1;1H[34m/************************************************/
/* FileIO.c:  File Loading and Saving Functions */
/************************************************/

/*** header files ***/[0m

[35m#include [0m[31m"FileIO.h"[0m

[34m/*** function definitions ***/[0m

IMAGE *LoadImage([32mconst[0m [32mchar[0m *fname){
    [32mFILE[0m[11C*File;
    [32mchar[0m[12CType[SLEN];
    [32mint[0m[13CWidth, Height, MaxValue;
    [32mint[0m[13Cx, y;
    [32mchar[0m[12Cftype[] = [31m".ppm"[0m;
    [32mchar[0m[12Cfname_tmp[SLEN];
    strcpy(fname_tmp, fname);
    strcat(fname_tmp, ftype);[21;5HFile = fopen(fname_tmp, [31m"r"[0m);
    [38;5;130mif[0m (!File) {[23;9Hprintf([31m"Cannot open file [0m[35m\"%s\"[0m[31m for reading![0m[35m\n[0m[31m"[0m, fname);[24;9H[38;5;130mreturn[0m [31mNULL[0m;
    }
    fscanf(File, [31m"[0m[35m%79s[0m[31m"[0m, Type);
    [38;5;130mif[0m (Type[[31m0[0m] != [31m'P'[0m || Type[[31m1[0m] != [31m'6'[0m || Type[[31m2[0m] != [31m0[0m) {[28;9Hprintf([31m"[0m[35m\n[0m[31mUnsupported file format![0m[35m\n[0m[31m"[0m);[29;9H[38;5;130mreturn[0m [31mNULL[0m;
    }[32;5Hfscanf(File, [31m"[0m[35m%d[0m[31m"[0m, &Width);
    fscanf(File, [31m"[0m[35m%d[0m[31m"[0m, &Height);[35;5Hfscanf(File, [31m"[0m[35m%d[0m[31m"[0m, &MaxValue);
    [38;5;130mif[0m (MaxValue != [31m255[0m) {[37;9Hprintf([31m"[0m[35m\n[0m[31mUnsupported image maximum value [0m[35m%d[0m[31m![0m[35m\n[0m[31m"[0m, MaxValue);[38;9H[38;5;130mreturn[0m [31mNULL[0m;
    }
    [38;5;130mif[0m ([35m'\n'[0m != fgetc(File)) {[41;9Hprintf([31m"[0m[35m\n[0m[31mCarriage return expected![0m[35m\n[0m[31m"[0m);[42;9H[38;5;130mreturn[0m [31mNULL[0m;[43;68H20,0-1[8CTop[20;1H[?25h[?25l[43;69H1,1  [21;1H[?25h[?25l[43;69H2[22;1H[?25h[?25l[43;69H3[23;1H[?25h[?25l[43;69H4[24;1H[?25h[?25l[43;69H5[25;1H[?25h[?25l[43;69H6[26;1H[?25h[?25l[43;69H7[27;1H[?25h[?25l[43;69H8[28;1H[?25h[?25l[43;69H9[29;1H[?25h[?25l[43;69H8[28;1H[?25h[?25l[43;69H7[27;1H[?25h[?25l[43;69H6[26;1H[?25h[?25l[43;69H5[25;1H[?25h[?25l[43;69H4[24;1H[?25h[?25l[43;69H3[23;1H[?25h[?25l[43;69H2[22;1H[?25h[?25l[43;69H1[21;1H[?25h[?25l[43;69H2[22;1H[?25h[?25l[43;69H3[23;1H[?25h[?25l[43;69H4[24;1H[?25h[?25l[43;69H5[25;1H[?25h[?25l[43;69H6[26;1H[?25h[?25l[43;69H7[27;1H[?25h[?25l[43;69H8[28;1H[?25h[?25l[43;69H9[29;1H[?25h[?25l[43;68H30[30;1H[?25h[?25l[43;69H1,0-1[31;1H[?25h[?25l[43;69H2,1  [32;1H[?25h[?25l[43;69H3[33;1H[?25h[?25l[43;69H4,0-1[34;1H[?25h[?25l[43;69H5,1  [35;1H[?25h[?25l[43;69H6[36;1H[?25h[?25l[43;69H7[37;1H[?25h[?25l[43;69H8[38;1H[?25h[?25l[43;69H9[39;1H[?25h[?25l[43;68H40[40;1H[?25h[?25l[43;69H1[41;1H[?25h[?25l[43;69H2[42;1H[?25h[?25l[1;42r[42;1H
[1;43r[42;5H}[43;1H[K[43;68H43,1[11C1%[42;1H[?25h[?25l[1;42r[42;1H
[1;43r[43;68H[K[43;68H44,1[11C2%[42;1H[?25h[?25l[1;42r[42;1H
[1;43r[42;5HIMAGE *myImage = CreateImage(Width, Height);[43;68H[K[43;68H45,1[11C4%[42;1H[?25h[?25l[1;42r[42;1H
[1;43r[43;68H[K[43;68H46,1[11C5%[42;1H[?25h[?25l[1;42r[42;1H
[1;43r[42;5H[38;5;130mfor[0m (y = [31m0[0m; y < Height; y++)[43;68H[K[43;68H47,1[11C6%[42;1H[?25h[?25l[1;42r[42;1H
[1;43r[42;9H[38;5;130mfor[0m (x = [31m0[0m; x < Width; x++){[43;68H[K[43;68H48,1[11C8%[42;1H[?25h[?25l[1;42r[42;1H
[1;43r[42;13HSetPixelR(myImage, x, y, fgetc(File));[43;68H[K[43;68H49,1[11C9%[42;1H[?25h[?25l[1;42r[42;1H
[1;43r[42;13HSetPixelG(myImage, x, y, fgetc(File));[43;68H[K[43;68H50,1[10C10%[42;1H[?25h[?25l[1;42r[42;1H
[1;43r[42;13HSetPixelB(myImage, x, y, fgetc(File));[43;68H[K[43;68H51,1[10C12%[42;1H[?25h[?25l[1;42r[42;1H
[1;43r[42;9H}[43;68H[K[43;68H52,1[10C13%[42;1H[?25h[?25l[1;42r[42;1H
[1;43r[43;68H[K[43;68H53,1[10C14%[42;1H[?25h[?25l[1;42r[42;1H
[1;43r[42;5H[38;5;130mif[0m (ferror(File)) {[43;68H[K[43;68H54,1[10C16%[42;1H[?25h[?25l[1;42r[42;1H
[1;43r[42;9Hprintf([31m"[0m[35m\n[0m[31mFile error while reading from file![0m[35m\n[0m[31m"[0m);[43;68H[K[43;68H55,1[10C17%[42;1H[?25h[?25l[1;42r[42;1H
[1;43r[42;9H[38;5;130mreturn[0m [31mNULL[0m;[43;68H[K[43;68H56,1[10C18%[42;1H[?25h[?25l[1;42r[42;1H
[1;43r[42;5H}[43;68H[K[43;68H57,1[10C20%[42;1H[?25h[?25l[1;42r[42;1H
[1;43r[42;5Hprintf([31m"[0m[35m%s[0m[31m was read.[0m[35m\n[0m[31m"[0m, fname_tmp);[43;68H[K[43;68H58,1[10C21%[42;1H[?25h[?25l[43;69H7[41;1H[?25h[?25l[43;69H6[40;1H[?25h[?25l[43;69H5[39;1H[?25h[?25l[43;69H4[38;1H[?25h[?25l[43;69H3[37;1H[?25h[?25l[43;69H2[36;1H[?25h[?25l[43;69H1[35;1H[?25h[?25l[43;69H0[34;1H[?25h[?25l[43;68H49[33;1H[?25h[?25l[43;69H8[32;1H[?25h[?25l[43;69H7[31;1H[?25h[?25l[43;69H8[32;1H[?25h[?25l[43;68H[K[43;1H:[?25hq[?25l[?25h[?25l[43;1H[K[43;1H[?25h[2J[?47l[rmagdalu@bondi hw4]$ cd.[K ..
[rmagdalu@bondi ~/eecs22]$ ~eecs22/bin/turnin.sh
==============================================================
EECS 22 FALL 2018
Project "hw4" submission for rmagdalu
Due date: Sun Nov 25 23:59:00 2018
==============================================================
* please confirm the following:                             *
* "I have read the section on academic honesty in the       *
* uci catalogue of classes (available online at             *
* http://www.editor.uci.edu/catalogue/appx/appx.2.htm#gen0) *
* and submit my original work accordingly."                 *
   please type yes to confirm. yes
==============================================================
File Advanced.c exists, overwrite? [yes, no] yes
File Advanced.c has been overwritten
File Advanced.h exists, overwrite? [yes, no] yes
File Advanced.h has been overwritten
File Constants.h exists, overwrite? [yes, no] yes
File Constants.h has been overwritten
File DIPs.c exists, overwrite? [yes, no] yes
File DIPs.c has been overwritten
File DIPs.h exists, overwrite? [yes, no] yes
File DIPs.h has been overwritten
File FileIO.c exists, overwrite? [yes, no] yes
File FileIO.c has been overwritten
File FileIO.h exists, overwrite? [yes, no] yes
File FileIO.h has been overwritten
Submit HSSOE.ppm [yes, no]? no
File Image.h exists, overwrite? [yes, no] yes
File Image.h has been overwritten
Submit anime.ppm [yes, no]? n
File Test.c exists, overwrite? [yes, no] yes
File Test.c has been overwritten
File Test.h exists, overwrite? [yes, no] yes
File Test.h has been overwritten
File ImageTest.c exists, overwrite? [yes, no] n
File PhotoLab.c exists, overwrite? [yes, no] yes
File PhotoLab.c has been overwritten
File Makefile exists, overwrite? [yes, no] yes
File Makefile has been overwritten
Submit PhotoLab.script [yes, no]? yes
File PhotoLab.script has been submitted
File Image.c exists, overwrite? [yes, no] yes
File Image.c has been overwritten
Submit PhotoLab.txt [yes, no]? yes
File PhotoLab.txt has been submitted
Submit cone.ppm [yes, no]? n
Submit .nfs00000000c82f549800007d81 [yes, no]? n
Submit .git [yes, no]? n
==============================================================
Summary:
==============================================================
Submitted on Sun Nov 25 02:00:32 2018
You just submitted file(s):
  Advanced.c
  Advanced.h
  Constants.h
  DIPs.c
  DIPs.h
  FileIO.c
  FileIO.h
  Image.h
  Test.c
  Test.h
  PhotoLab.c
  Makefile
  PhotoLab.script
  Image.c
  PhotoLab.txt

/users/ugrad/2018/winter/rmagdalu/eecs22
[rmagdalu@bondi ~/eecs22]$ ls -a
[0m[38;5;27m.[0m  [38;5;27m..[0m  [38;5;27mexamples[0m  [38;5;13mHSSOE.jpg[0m  [38;5;27mhw1[0m  [38;5;27mhw2[0m  [38;5;27mhw3[0m  [38;5;27mhw3_sol[0m  [38;5;27mhw4[0m  [38;5;27mwk4-mdtrm[0m  [38;5;27mwk6[0m
[m[rmagdalu@bondi ~/eecs22]$ vim[K[K[Kcd hw5[K4
[rmagdalu@bondi hw4]$ cd[K[Kls -a
[0m[38;5;27m.[0m           [38;5;13mcone.ppm[0m     FileIO.h   ImageTest.c                   PhotoLab.txt
[38;5;27m..[0m          Constants.h  [38;5;27m.git[0m       Makefile                      Test.c
Advanced.c  DIPs.c       [38;5;13mHSSOE.ppm[0m  .nfs00000000c82f549800007d81  Test.h
Advanced.h  DIPs.h       Image.c    PhotoLab.c
[38;5;13manime.ppm[0m   FileIO.c     Image.h    PhotoLab.script
[m[rmagdalu@bondi hw4]$ ..[Knfs00[K[K[K[K[K[K.nfs00000000c82f549800007d81[23G[4hr[4l[4hm[4l[4h [4l
rm: cannot remove `.nfs00000000c82f549800007d81': Device or resource busy
[rmagdalu@bondi hw4]$ make clean
rm -f *.o *.a *.jpg bw.ppm edge.ppm shuffle.ppm brightness.ppm hmirror.ppm hue.ppm rotate.ppm hflip.ppm saturate.ppm smallresize.ppm bigresize.ppm 
rm -f PhotoLab
rm -f PhotoLabTest
[rmagdalu@bondi hw4]$ ls -a
[0m[38;5;27m.[0m           [38;5;13mcone.ppm[0m     FileIO.h   ImageTest.c                   PhotoLab.txt
[38;5;27m..[0m          Constants.h  [38;5;27m.git[0m       Makefile                      Test.c
Advanced.c  DIPs.c       [38;5;13mHSSOE.ppm[0m  .nfs00000000c82f549800007d81  Test.h
Advanced.h  DIPs.h       Image.c    PhotoLab.c
[38;5;13manime.ppm[0m   FileIO.c     Image.h    PhotoLab.script
[m[rmagdalu@bondi hw4]$ rm .nfs00000000c82f549800007d81
rm: cannot remove `.nfs00000000c82f549800007d81': Device or resource busy
[rmagdalu@bondi hw4]$ sudi[Ko rm .nfs00000000c82f549800007d81
[sudo] password for rmagdalu: 
rmagdalu is not in the sudoers file.  This incident will be reported.
[rmagdalu@bondi hw4]$ ls
Advanced.c  [0m[38;5;13mcone.ppm[0m     DIPs.h    [38;5;13mHSSOE.ppm[0m  ImageTest.c  PhotoLab.script  Test.h
Advanced.h  Constants.h  FileIO.c  Image.c    Makefile     PhotoLab.txt
[38;5;13manime.ppm[0m   DIPs.c       FileIO.h  Image.h    PhotoLab.c   Test.c
[m[rmagdalu@bondi hw4]$ git commit
# On branch master
# Changed but not updated:
#   (use "git add/rm <file>..." to update what will be committed)
#   (use "git checkout -- <file>..." to discard changes in working directory)
#
#	modified:   Advanced.c
#	deleted:    Advanced.o
#	deleted:    DIPs.o
#	deleted:    FileIO.o
#	deleted:    Image.o
#	deleted:    PhotoLab
#	modified:   PhotoLab.c
#	deleted:    PhotoLab.o
#	deleted:    PhotoLabTest
#	deleted:    PhotoLabTest.o
#	deleted:    Test.o
#	deleted:    bigresize.ppm
#	deleted:    brightness.ppm
#	deleted:    bw.ppm
#	deleted:    edge.ppm
#	deleted:    hflip.ppm
#	deleted:    hmirror.ppm
#	deleted:    hue.ppm
#	deleted:    libFilter.a
#	deleted:    rotate.ppm
#	deleted:    saturate.ppm
#	deleted:    shuffle.ppm
#	deleted:    smallresize.ppm
#
# Untracked files:
#   (use "git add <file>..." to include in what will be committed)
#
#	.nfs00000000c82f549800007d81
#	PhotoLab.script
#	PhotoLab.txt
no changes added to commit (use "git add" and/or "git commit -a")
[rmagdalu@bondi hw4]$ gitadd[K[K[K ad[K[K[K[K[Kls l
ls: cannot access l: No such file or directory
[rmagdalu@bondi hw4]$ ls -l
total 14688
-rw------- 1 rmagdalu ugrad    12652 Nov 25 01:27 Advanced.c
-rw------- 1 rmagdalu ugrad      968 Nov 24 16:28 Advanced.h
-rw------- 1 rmagdalu ugrad 13440017 Nov 22 01:01 [0m[38;5;13manime.ppm[0m
-rw------- 1 rmagdalu ugrad   720015 Nov 24 14:51 [38;5;13mcone.ppm[0m
-rw------- 1 rmagdalu ugrad      756 Nov 21 02:33 Constants.h
-rw------- 1 rmagdalu ugrad     6359 Nov 24 17:48 DIPs.c
-rw------- 1 rmagdalu ugrad      565 Nov 20 17:42 DIPs.h
-rw------- 1 rmagdalu ugrad     3175 Nov 24 11:46 FileIO.c
-rw------- 1 rmagdalu ugrad      505 Nov 24 12:20 FileIO.h
-rw------- 1 rmagdalu ugrad   720015 Nov 19 20:22 [38;5;13mHSSOE.ppm[0m
-rw------- 1 rmagdalu ugrad     3466 Nov 20 15:33 Image.c
-rw------- 1 rmagdalu ugrad     1744 Nov 24 12:12 Image.h
-rw------- 1 rmagdalu ugrad      328 Nov 18 11:13 ImageTest.c
-rw------- 1 rmagdalu ugrad     1933 Nov 25 01:55 Makefile
-rw------- 1 rmagdalu ugrad     7466 Nov 25 01:21 PhotoLab.c
-rw------- 1 rmagdalu ugrad     5516 Nov 25 01:32 PhotoLab.script
-rw------- 1 rmagdalu ugrad     1096 Nov 25 01:55 PhotoLab.txt
-rw------- 1 rmagdalu ugrad     3870 Nov 24 17:48 Test.c
-rw------- 1 rmagdalu ugrad      584 Nov 24 12:47 Test.h
[m[rmagdalu@bondi hw4]$ make clean
rm -f *.o *.a *.jpg bw.ppm edge.ppm shuffle.ppm brightness.ppm hmirror.ppm hue.ppm rotate.ppm hflip.ppm saturate.ppm smallresize.ppm bigresize.ppm 
rm -f PhotoLab
rm -f PhotoLabTest
[rmagdalu@bondi hw4]$ git commit -a
[?47h[1;43r[27m[24m[0m[H[J[?25l[43;1H".git/COMMIT_EDITMSG" 40L, 1016C[2;1H# Please enter the commit message for your changes. Lines starting
# with '#' will be ignored, and an empty message aborts the commit.
#
# Committer: MAGDALUYO <rmagdalu@bondi.eecs.uci.edu>
#
# On branch master
# Changes to be committed:
#   (use "git reset HEAD <file>..." to unstage)
#
#[7Cmodified:   Advanced.c
#[7Cdeleted:    Advanced.o
#[7Cdeleted:    DIPs.o
#[7Cdeleted:    FileIO.o
#[7Cdeleted:    Image.o
#[7Cdeleted:    PhotoLab
#[7Cmodified:   PhotoLab.c
#[7Cdeleted:    PhotoLab.o
#[7Cdeleted:    PhotoLabTest
#[7Cdeleted:    PhotoLabTest.o
#[7Cdeleted:    Test.o
#[7Cdeleted:    bigresize.ppm
#[7Cdeleted:    brightness.ppm
#[7Cdeleted:    bw.ppm
#[7Cdeleted:    edge.ppm
#[7Cdeleted:    hflip.ppm
#[7Cdeleted:    hmirror.ppm
#[7Cdeleted:    hue.ppm
#[7Cdeleted:    libFilter.a
#[7Cdeleted:    rotate.ppm
#[7Cdeleted:    saturate.ppm
#[7Cdeleted:    shuffle.ppm
#[7Cdeleted:    smallresize.ppm
#
# Untracked files:
#   (use "git add <file>..." to include in what will be committed)
#
#[7C.nfs00000000c82f549800007d81
#[7CPhotoLab.script
#[7CPhotoLab.txt
[94m~                                                                                    [42;1H~                                                                                    [1;1H[?25h[?25l[0m[43;1H[1m-- INSERT --[0m[43;13H[K[1;1H[?25h[?25lt[?25h[?25l[1;1H[K[1;1H[?25h[43;1H[K[1;1H[?25l[?25h




















[21;1H[20;1H[19;1H[18;1H[17;1H

















[?25l[43;1H:[?25hq[?25l[97m[41mE37: No write since last change (add ! to override)[35;1H[?25h[?25l[0m[43;1H[K[43;1H:[?25hw[?25l[43;2H[K[43;2H[?25hq![?25l[43;1H[K[43;1H[?25h[2J[?47lAborting commit due to empty commit message.
[rmagdalu@bondi hw4]$ git add PhotoLab.script
[rmagdalu@bondi hw4]$ gg[Kit add PhotoLab.txt
[rmagdalu@bondi hw4]$ git commit
[?47h[1;43r[27m[24m[0m[H[J[?25l[43;1H".git/COMMIT_EDITMSG" 45L, 1215C[2;1H# Please enter the commit message for your changes. Lines starting
# with '#' will be ignored, and an empty message aborts the commit.
#
# Committer: MAGDALUYO <rmagdalu@bondi.eecs.uci.edu>
#
# On branch master
# Changes to be committed:
#   (use "git reset HEAD <file>..." to unstage)
#
#[7Cnew file:   PhotoLab.script
#[7Cnew file:   PhotoLab.txt
#
# Changed but not updated:
#   (use "git add/rm <file>..." to update what will be committed)
#   (use "git checkout -- <file>..." to discard changes in working directory)
#
#[7Cmodified:   Advanced.c
#[7Cdeleted:    Advanced.o
#[7Cdeleted:    DIPs.o
#[7Cdeleted:    FileIO.o
#[7Cdeleted:    Image.o
#[7Cdeleted:    PhotoLab
#[7Cmodified:   PhotoLab.c
#[7Cdeleted:    PhotoLab.o
#[7Cdeleted:    PhotoLabTest
#[7Cdeleted:    PhotoLabTest.o
#[7Cdeleted:    Test.o
#[7Cdeleted:    bigresize.ppm
#[7Cdeleted:    brightness.ppm
#[7Cdeleted:    bw.ppm
#[7Cdeleted:    edge.ppm
#[7Cdeleted:    hflip.ppm
#[7Cdeleted:    hmirror.ppm
#[7Cdeleted:    hue.ppm
#[7Cdeleted:    libFilter.a
#[7Cdeleted:    rotate.ppm
#[7Cdeleted:    saturate.ppm
#[7Cdeleted:    shuffle.ppm
#[7Cdeleted:    smallresize.ppm
#
# Untracked files:[1;1H[?25h[?25l[43;1H[1m-- INSERT --[0m[43;13H[K[1;1H[?25h[?25ld[?25h[?25ld[?25h[?25le[?25h[?25ld[?25h[?25l[1;4H[K[1;4H[?25h[?25l[1;3H[K[1;3H[?25h[?25l[1;2H[K[1;2H[?25h[?25l[1;1H[K[1;1H[?25h[?25lA[?25h[?25ld[?25h[?25ld[?25h[?25le[?25h[?25ld[?25h[?25l [?25h[?25lP[?25h[?25l[1;7H[K[1;7H[?25h[?25l.[?25h[?25lt[?25h[?25lx[?25h[?25lt[?25h[?25l.[?25h[?25l [?25h[?25la[?25h[?25ln[?25h[?25ld[?25h[?25l[1;15H[K[1;15H[?25h[?25l[1;14H[K[1;14H[?25h[?25l[1;13H[K[1;13H[?25h[?25l[?25h[?25l[1;11H[K[1;11H[?25h[?25l [?25h[?25la[?25h[?25ln[?25h[?25ld[?25h[?25l [?25h[?25l.[?25h[?25ls[?25h[?25lc[?25h[?25lr[?25h[?25li[?25h[?25lp[?25h[?25lt[?25h[?25l [?25h[?25lf[?25h[?25li[?25h[?25ll[?25h[?25le[?25h[?25l.[?25h[?25l [?25h[?25lF[?25h[?25li[?25h[?25ln[?25h[?25la[?25h[?25ll[?25h[?25l [?25h[?25lv[?25h[?25le[?25h[?25lr[?25h[?25ls[?25h[?25li[?25h[?25lo[?25h[?25ln[?25h[43;1H[K[1;42H[?25l[?25h[?25l[43;1H:[?25hwq[?25l".git/COMMIT_EDITMSG" 45L, 1257C written
[?25h[2J[?47l[master f24b6d3] Added .txt and .script file. Final version
 Committer: MAGDALUYO <rmagdalu@bondi.eecs.uci.edu>
Your name and email address were configured automatically based
on your username and hostname. Please check that they are accurate.
You can suppress this message by setting them explicitly:

    git config --global user.name "Your Name"
    git config --global user.email you@example.com

If the identity used for this commit is wrong, you can fix it with:

    git commit --amend --author='Your Name <you@example.com>'

 2 files changed, 180 insertions(+), 0 deletions(-)
 create mode 100644 PhotoLab.script
 create mode 100644 PhotoLab.txt
[rmagdalu@bondi hw4]$ git push origin master
Counting objects: 5, done.
Delta compression using up to 56 threads.
Compressing objects:  25% (1/4)   Compressing objects:  50% (2/4)   Compressing objects:  75% (3/4)   Compressing objects: 100% (4/4)   Compressing objects: 100% (4/4), done.
Writing objects:  25% (1/4)   Writing objects:  50% (2/4)   Writing objects:  75% (3/4)   Writing objects: 100% (4/4)   Writing objects: 100% (4/4), 2.05 KiB, done.
Total 4 (delta 1), reused 0 (delta 0)
remote: Resolving deltas:   0% (0/1)   [Kremote: Resolving deltas: 100% (1/1)   [Kremote: Resolving deltas: 100% (1/1), completed with 1 local object.[K
To git@github.com:richardarc18/eecs22-hw4.git
   a6810a5..f24b6d3  master -> master
[rmagdalu@bondi hw4]$ git add a
fatal: pathspec 'a' did not match any files
[rmagdalu@bondi hw4]$ git add .
[rmagdalu@bondi hw4]$ git commit "Final version"
error: pathspec 'Final version' did not match any file(s) known to git.
[rmagdalu@bondi hw4]$ git commit 
[?47h[1;43r[27m[24m[0m[H[J[?25l[43;1H".git/COMMIT_EDITMSG" 40L, 1082C[2;1H# Please enter the commit message for your changes. Lines starting
# with '#' will be ignored, and an empty message aborts the commit.
#
# Committer: MAGDALUYO <rmagdalu@bondi.eecs.uci.edu>
#
# On branch master
# Changes to be committed:
#   (use "git reset HEAD <file>..." to unstage)
#
#[7Cnew file:   .nfs00000000c82f549800007d81
#[7Cmodified:   Advanced.c
#[7Cmodified:   PhotoLab.c
#
# Changed but not updated:
#   (use "git add/rm <file>..." to update what will be committed)
#   (use "git checkout -- <file>..." to discard changes in working directory)
#
#[7Cdeleted:    Advanced.o
#[7Cdeleted:    DIPs.o
#[7Cdeleted:    FileIO.o
#[7Cdeleted:    Image.o
#[7Cdeleted:    PhotoLab
#[7Cdeleted:    PhotoLab.o
#[7Cdeleted:    PhotoLabTest
#[7Cdeleted:    PhotoLabTest.o
#[7Cdeleted:    Test.o
#[7Cdeleted:    bigresize.ppm
#[7Cdeleted:    brightness.ppm
#[7Cdeleted:    bw.ppm
#[7Cdeleted:    edge.ppm
#[7Cdeleted:    hflip.ppm
#[7Cdeleted:    hmirror.ppm
#[7Cdeleted:    hue.ppm
#[7Cdeleted:    libFilter.a
#[7Cdeleted:    rotate.ppm
#[7Cdeleted:    saturate.ppm
#[7Cdeleted:    shuffle.ppm
#[7Cdeleted:    smallresize.ppm
#
[94m~                                                                                    [42;1H~                                                                                    [1;1H[?25h[?25l[0m[43;1H[1m-- INSERT --[0m[43;13H[K[1;1H[?25h[?25l"[?25h[?25lF[?25h[?25li[?25h[?25ln[?25h[?25la[?25h[?25ll[?25h[?25l [?25h[?25lv[?25h[?25le[?25h[?25lr[?25h[?25ls[?25h[?25li[?25h[?25lo[?25h[?25ln[?25h[?25l"[?25h[43;1H[K[1;15H[?25l[?25h[?25l[43;1H:[?25hwq[?25l".git/COMMIT_EDITMSG" 40L, 1097C written
[?25h[2J[?47l[master b66762c] "Final version"
 Committer: MAGDALUYO <rmagdalu@bondi.eecs.uci.edu>
Your name and email address were configured automatically based
on your username and hostname. Please check that they are accurate.
You can suppress this message by setting them explicitly:

    git config --global user.name "Your Name"
    git config --global user.email you@example.com

If the identity used for this commit is wrong, you can fix it with:

    git commit --amend --author='Your Name <you@example.com>'

 3 files changed, 684 insertions(+), 215 deletions(-)
 create mode 100644 .nfs00000000c82f549800007d81
 rewrite PhotoLab.c (60%)
[rmagdalu@bondi hw4]$ git push origin master
Counting objects: 8, done.
Delta compression using up to 56 threads.
Compressing objects:  20% (1/5)   Compressing objects:  40% (2/5)   Compressing objects:  60% (3/5)   Compressing objects:  80% (4/5)   Compressing objects: 100% (5/5)   Compressing objects: 100% (5/5), done.
Writing objects:  20% (1/5)   Writing objects:  40% (2/5)   Writing objects:  60% (3/5)   Writing objects:  80% (4/5)   Writing objects: 100% (5/5)   Writing objects: 100% (5/5), 10.64 KiB, done.
Total 5 (delta 3), reused 0 (delta 0)
remote: Resolving deltas:   0% (0/3)   [Kremote: Resolving deltas:  33% (1/3)   [Kremote: Resolving deltas:  66% (2/3)   [Kremote: Resolving deltas: 100% (3/3)   [Kremote: Resolving deltas: 100% (3/3), completed with 3 local objects.[K
To git@github.com:richardarc18/eecs22-hw4.git
   f24b6d3..b66762c  master -> master
[rmagdalu@bondi hw4]$ vim PhotoLab.script
[?47h[2;1Hâ–½[6n[2;1H  [1;1H[1;43r[27m[24m[0m[H[J[?25l[43;1H"PhotoLab.script" 175L, 5516C[1;1HScript started on Sun 25 Nov 2018 01:30:42 AM PST
[rmagdalu@bondi hw4]$ make[34m^M^M[0m
gcc -Wall -ansi -std=c99 -c Image.c -o Image.o[34m^M[0m
gcc -Wall -ansi -std=c99 -c Test.c -o Test.o[34m^M[0m
gcc -Wall -ansi -std=c99 -c FileIO.c -o FileIO.o[34m^M[0m
gcc -Wall -ansi -std=c99 -c PhotoLab.c -o PhotoLab.o[34m^M[0m
gcc -Wall -ansi -std=c99 -c DIPs.c -o DIPs.o[34m^M[0m
gcc -Wall -ansi -std=c99 -c Advanced.c -o Advanced.o[34m^M[0m
ar rcs libFilter.a DIPs.o Advanced.o[34m^M[0m
gcc -Wall -ansi -std=c99 -lm Image.o Test.o FileIO.o PhotoLab.o -lFilter -lm -L. -o P[11;1HhotoLab[34m^M[0m
gcc -Wall -ansi -std=c99 -c -g -DDEBUG PhotoLab.c -o PhotoLabTest.o[34m^M[0m
gcc -Wall -ansi -std=c99 -lm Image.o Test.o FileIO.o PhotoLabTest.o -lFilter -lm -L.
-o PhotoLabTest [34m^M[0m
[rmagdalu@bondi hw4]$ ./PhotoLab[34m^M^M[0m
Please make a choice.[34m^M[0m
--------------------[34m^M[0m
1: Load a PPM image[34m^M[0m
2: Save a PPM image[34m^M[0m
3: Change image to Black and White[34m^M[0m
4: Sketch the edge of an image[34m^M[0m
5: Shuffle an image[34m^M[0m
6: Adjust the brightness of an image[34m^M[0m
7: Mirror an image horizontally[34m^M[0m
8: Adjust the hue of an image[34m^M[0m
9: Rotate or flip the image[34m^M[0m
10: Resize the image[34m^M[0m
11: Saturate the image[34m^M[0m
12: Test all functions[34m^M[0m
13: Exit[34m^M[0m
1[34m^M[0m
Please enter a file name.[34m^M[0m
HSSOE[34m^M[0m
HSSOE.ppm was read.[34m^M[0m
Please make a choice.[34m^M[0m
--------------------[34m^M[0m
1: Load a PPM image[34m^M[0m
2: Save a PPM image[34m^M[0m
3: Change image to Black and White[34m^M[0m
4: Sketch the edge of an image[34m^M[0m
5: Shuffle an image[34m^M[0m
6: Adjust the brightness of an image[34m^M[0m[43;68H1,1[11CTop[1;1H[?25h[?25l
[106m[[18C][0m[43;68H2[2;1H[?25h[?25l[[18C][43;68H3[3;1H[?25h[?25l[43;68H4[4;1H[?25h[?25l[43;68H5[5;1H[?25h[?25l[43;68H6[6;1H[?25h[?25l[43;68H7[7;1H[?25h[?25l[43;68H8[8;1H[?25h[?25l[43;68H9[9;1H[?25h[?25l[43;68H10,1[10;1H[?25h[?25l[43;69H1[12;1H[?25h[?25l[43;69H2[13;1H[?25h[?25l

[106m[[18C][0m[43;69H3[15;1H[?25h[?25l[[18C][43;69H4[16;1H[?25h[?25l[43;69H5[17;1H[?25h[?25l[43;69H6[18;1H[?25h[?25l[43;69H7[19;1H[?25h[?25l[43;69H8[20;1H[?25h[?25l[43;69H9[21;1H[?25h[?25l[43;68H20[22;1H[?25h[?25l[43;69H1[23;1H[?25h[?25l[43;69H2[24;1H[?25h[?25l[43;69H3[25;1H[?25h[?25l[43;69H4[26;1H[?25h[?25l[43;69H5[27;1H[?25h[?25l[43;69H6[28;1H[?25h[?25l[43;69H7[29;1H[?25h[?25l[43;69H8[30;1H[?25h[?25l[43;69H9[31;1H[?25h[?25l[43;68H30[32;1H[?25h[?25l[43;69H1[33;1H[?25h[?25l[43;69H2[34;1H[?25h[?25l[43;69H3[35;1H[?25h[?25l[43;69H4[36;1H[?25h[?25l[43;69H5[37;1H[?25h[?25l[43;69H6[38;1H[?25h[?25l[43;69H7[39;1H[?25h[?25l[43;69H8[40;1H[?25h[?25l[43;69H9[41;1H[?25h[?25l[43;68H40[42;1H[?25h[?25l[1;42r[42;1H
[1;43r[42;1H7: Mirror an image horizontally[34m^M[0m[43;1H[K[43;68H41,1[11C0%[42;1H[?25h[?25l[1;42r[42;1H
[1;43r[42;1H8: Adjust the hue of an image[34m^M[0m[43;68H[K[43;68H42,1[11C1%[42;1H[?25h[?25l[1;42r[42;1H
[1;43r[42;1H9: Rotate or flip the image[34m^M[0m[43;68H[K[43;68H43,1[11C2%[42;1H[?25h[?25l[1;42r[42;1H
[1;43r[42;1H10: Resize the image[34m^M[0m[43;68H[K[43;68H44,1[11C2%[42;1H[?25h[?25l[1;42r[42;1H
[1;43r[42;1H11: Saturate the image[34m^M[0m[43;68H[K[43;68H45,1[11C3%[42;1H[?25h[?25l[1;42r[42;1H
[1;43r[42;1H12: Test all functions[34m^M[0m[43;68H[K[43;68H46,1[11C4%[42;1H[?25h[?25l[1;42r[42;1H
[1;43r[42;1H13: Exit[34m^M[0m[43;68H[K[43;68H47,1[11C5%[42;1H[?25h[?25l[1;42r[42;1H
[1;43r[42;1H12[34m^M[0m[43;68H[K[43;68H48,1[11C5%[42;1H[?25h[?25l[1;42r[42;1H
[1;43r[42;1HHSSOE.ppm was read.[34m^M[0m[43;68H[K[43;68H49,1[11C6%[42;1H[?25h[?25l[1;42r[1;1H[2M[1;43r[41;1HImage was successfully converted to black and white.[34m^M[0m
bw.ppm was saved. [34m^M[0m[43;68H[K[43;68H50,1[11C7%[41;1H[?25h[?25l[43;69H1[42;1H[?25h[?25l[1;42r[42;1H
[1;43r[42;1Hbw.jpg was stored.[34m^M[0m[43;68H[K[43;68H52,1[11C8%[42;1H[?25h[?25l[1;42r[1;1H[2M[1;43r[41;1HHSSOE.ppm was read.[34m^M[0m
Image was successfully converted to show edges.[34m^M[0m[43;68H[K[43;68H53,1[11C9%[41;1H[?25h[?25l[43;69H4[42;1H[?25h[?25l[1;42r[42;1H
[1;43r[42;1Hedge.ppm was saved. [34m^M[0m[43;68H[K[43;68H55,1[11C9%[42;1H[?25h[?25l[1;42r[42;1H
[1;43r[42;1Hedge.jpg was stored.[34m^M[0m[43;68H[K[43;68H56,1[10C10%[42;1H[?25h[?25l[1;42r[42;1H
[1;43r[42;1HHSSOE.ppm was read.[34m^M[0m[43;68H[K[43;68H57,1[10C11%[42;1H[?25h[?25l[1;42r[42;1H
[1;43r[42;1HThe image has been successfully shuffled![34m^M[0m[43;68H[K[43;68H58,1[10C12%[42;1H[?25h[?25l[1;42r[42;1H
[1;43r[42;1Hshuffle.ppm was saved. [34m^M[0m[43;68H[K[43;68H59,1[10C12%[42;1H[?25h[?25l[1;42r[42;1H
[1;43r[42;1Hshuffle.jpg was stored.[34m^M[0m[43;68H[K[43;68H60,1[10C13%[42;1H[?25h[?25l[1;42r[42;1H
[1;43r[42;1HHSSOE.ppm was read.[34m^M[0m[43;68H[K[43;68H61,1[10C14%[42;1H[?25h[?25l[1;42r[42;1H
[1;43r[42;1HImage's brightness successfully adjusted by 200.[34m^M[0m[43;68H[K[43;68H62,1[10C15%[42;1H[?25h[?25l[1;42r[42;1H
[1;43r[42;1Hbrightness.ppm was saved. [34m^M[0m[43;68H[K[43;68H63,1[10C15%[42;1H[?25h[?25l[1;42r[42;1H
[1;43r[42;1Hbrightness.jpg was stored.[34m^M[0m[43;68H[K[43;68H64,1[10C16%[42;1H[?25h[?25l[1;42r[42;1H
[1;43r[42;1HHSSOE.ppm was read.[34m^M[0m[43;68H[K[43;68H65,1[10C17%[42;1H[?25h[?25l[1;42r[42;1H
[1;43r[42;1HImage was mirrored successfully[34m^M[0m[43;68H[K[43;68H66,1[10C18%[42;1H[?25h[?25l[1;42r[42;1H
[1;43r[42;1Hhmirror.ppm was saved. [34m^M[0m[43;68H[K[43;68H67,1[10C18%[42;1H[?25h[?25l[1;42r[42;1H
[1;43r[42;1Hhmirror.jpg was stored.[34m^M[0m[43;68H[K[43;68H68,1[10C19%[42;1H[?25h[?25l[1;42r[42;1H
[1;43r[42;1HHSSOE.ppm was read.[34m^M[0m[43;68H[K[43;68H69,1[10C20%[42;1H[?25h[?25l[1;42r[42;1H
[1;43r[42;1HThe image's hue has been successfully rotated by -1.50 rad.[34m^M[0m[43;68H[K[43;68H70,1[10C21%[42;1H[?25h[?25l[1;42r[42;1H
[1;43r[42;1Hhue.ppm was saved. [34m^M[0m[43;68H[K[43;68H71,1[10C21%[42;1H[?25h[?25l[1;42r[42;1H
[1;43r[42;1Hhue.jpg was stored.[34m^M[0m[43;68H[K[43;68H72,1[10C22%[42;1H[?25h[?25l[1;42r[42;1H
[1;43r[42;1HHSSOE.ppm was read.[34m^M[0m[43;68H[K[43;68H73,1[10C23%[42;1H[?25h[?25l[1;42r[42;1H
[1;43r[42;1HImage was successfully rotated.[34m^M[0m[43;68H[K[43;68H74,1[10C24%[42;1H[?25h[?25l[1;42r[42;1H
[1;43r[42;1Hrotate.ppm was saved. [34m^M[0m[43;68H[K[43;68H75,1[10C24%[42;1H[?25h[?25l[1;42r[42;1H
[1;43r[42;1Hrotate.jpg was stored.[34m^M[0m[43;68H[K[43;68H76,1[10C25%[42;1H[?25h[?25l[1;42r[42;1H
[1;43r[42;1HHSSOE.ppm was read.[34m^M[0m[43;68H[K[43;68H77,1[10C26%[42;1H[?25h[?25l[1;42r[42;1H
[1;43r[42;1HImage was successfully rotated.[34m^M[0m[43;68H[K[43;68H78,1[10C27%[42;1H[?25h[?25l[1;42r[42;1H
[1;43r[42;1Hhflip.ppm was saved. [34m^M[0m[43;68H[K[43;68H79,1[10C27%[42;1H[?25h[?25l[1;42r[42;1H
[1;43r[42;1Hhflip.jpg was stored.[34m^M[0m[43;68H[K[43;68H80,1[10C28%[42;1H[?25h[?25l[1;42r[42;1H
[1;43r[42;1HHSSOE.ppm was read.[34m^M[0m[43;68H[K[43;68H81,1[10C29%[42;1H[?25h[?25l[1;42r[42;1H
[1;43r[42;1HImage was successfully resized by 60%.[34m^M[0m[43;68H[K[43;68H82,1[10C30%[42;1H[?25h[?25l[1;42r[42;1H
[1;43r[42;1Hsmallresize.ppm was saved. [34m^M[0m[43;68H[K[43;68H83,1[10C30%[42;1H[?25h[?25l[1;42r[42;1H
[1;43r[42;1Hsmallresize.jpg was stored.[34m^M[0m[43;68H[K[43;68H84,1[10C31%[42;1H[?25h[?25l[1;42r[42;1H
[1;43r[42;1HHSSOE.ppm was read.[34m^M[0m[43;68H[K[43;68H85,1[10C32%[42;1H[?25h[?25l[1;42r[42;1H
[1;43r[42;1HImage was successfully resized by 170%.[34m^M[0m[43;68H[K[43;68H86,1[10C33%[42;1H[?25h[?25l[1;42r[42;1H
[1;43r[42;1Hbigresize.ppm was saved. [34m^M[0m[43;68H[K[43;68H87,1[10C33%[42;1H[?25h[?25l[1;42r[42;1H