Script started on Sun 25 Nov 2018 10:33:15 PM PST
[rmagdalu@bondi hw4]$ make
gcc -Wall -ansi -std=c99 -c Image.c -o Image.o
gcc -Wall -ansi -std=c99 -c Test.c -o Test.o
gcc -Wall -ansi -std=c99 -c FileIO.c -o FileIO.o
gcc -Wall -ansi -std=c99 -c PhotoLab.c -o PhotoLab.o
gcc -Wall -ansi -std=c99 -c DIPs.c -o DIPs.o
gcc -Wall -ansi -std=c99 -c Advanced.c -o Advanced.o
ar rcs libFilter.a DIPs.o Advanced.o
gcc -Wall -ansi -std=c99 -lm Image.o Test.o FileIO.o PhotoLab.o -lFilter -lm -L. -o PhotoLab
gcc -Wall -ansi -std=c99 -c -g -DDEBUG PhotoLab.c -o PhotoLabTest.o
gcc -Wall -ansi -std=c99 -lm Image.o Test.o FileIO.o PhotoLabTest.o -lFilter -lm -L. -o PhotoLabTest 
[rmagdalu@bondi hw4]$ ./PhotoLab
Please make a choice.
--------------------
1: Load a PPM image
2: Save a PPM image
3: Change image to Black and White
4: Sketch the edge of an image
5: Shuffle an image
6: Adjust the brightness of an image
7: Mirror an image horizontally
8: Adjust the hue of an image
9: Rotate or flip the image
10: Resize the image
11: Saturate the image
12: Test all functions
13: Exit
1
Please enter a file name.
HSSOE
HSSOE.ppm was read.
Please make a choice.
--------------------
1: Load a PPM image
2: Save a PPM image
3: Change image to Black and White
4: Sketch the edge of an image
5: Shuffle an image
6: Adjust the brightness of an image
7: Mirror an image horizontally
8: Adjust the hue of an image
9: Rotate or flip the image
10: Resize the image
11: Saturate the image
12: Test all functions
13: Exit
12
HSSOE.ppm was read.
Image was successfully converted to black and white.
bw.ppm was saved. 
bw.jpg was stored.
HSSOE.ppm was read.
Image was successfully converted to show edges.
edge.ppm was saved. 
edge.jpg was stored.
HSSOE.ppm was read.
The image has been successfully shuffled!
shuffle.ppm was saved. 
shuffle.jpg was stored.
HSSOE.ppm was read.
Image's brightness successfully adjusted by 200.
brightness.ppm was saved. 
brightness.jpg was stored.
HSSOE.ppm was read.
Image was mirrored successfully
hmirror.ppm was saved. 
hmirror.jpg was stored.
HSSOE.ppm was read.
The image's hue has been successfully rotated by -1.50 rad.
hue.ppm was saved. 
hue.jpg was stored.
HSSOE.ppm was read.
Image was successfully rotated.
rotate.ppm was saved. 
rotate.jpg was stored.
HSSOE.ppm was read.
Image was successfully rotated.
hflip.ppm was saved. 
hflip.jpg was stored.
HSSOE.ppm was read.
Image was successfully resized by 60%.
smallresize.ppm was saved. 
smallresize.jpg was stored.
HSSOE.ppm was read.
Image was successfully resized by 170%.
bigresize.ppm was saved. 
bigresize.jpg was stored.
HSSOE.ppm was read.
Image saturation successfully modified to 90.00%
saturate.ppm was saved. 
saturate.jpg was stored.
Please make a choice.
--------------------
1: Load a PPM image
2: Save a PPM image
3: Change image to Black and White
4: Sketch the edge of an image
5: Shuffle an image
6: Adjust the brightness of an image
7: Mirror an image horizontally
8: Adjust the hue of an image
9: Rotate or flip the image
10: Resize the image
11: Saturate the image
12: Test all functions
13: Exit
13
[rmagdalu@bondi hw4]$ valgrind --leak-check-[K=full PhotoL[K[K[K[K[K[K./PhotoLabTest
==59872== Memcheck, a memory error detector
==59872== Copyright (C) 2002-2012, and GNU GPL'd, by Julian Seward et al.
==59872== Using Valgrind-3.8.1 and LibVEX; rerun with -h for copyright info
==59872== Command: ./PhotoLabTest
==59872== 
HSSOE.ppm was read.
Image was successfully converted to black and white.
bw.ppm was saved. 
bw.jpg was stored.
HSSOE.ppm was read.
Image was successfully converted to show edges.
edge.ppm was saved. 
edge.jpg was stored.
HSSOE.ppm was read.
The image has been successfully shuffled!
shuffle.ppm was saved. 
shuffle.jpg was stored.
HSSOE.ppm was read.
Image's brightness successfully adjusted by 200.
brightness.ppm was saved. 
brightness.jpg was stored.
HSSOE.ppm was read.
Image was mirrored successfully
hmirror.ppm was saved. 
hmirror.jpg was stored.
HSSOE.ppm was read.
The image's hue has been successfully rotated by -1.50 rad.
hue.ppm was saved. 
hue.jpg was stored.
HSSOE.ppm was read.
Image was successfully rotated.
rotate.ppm was saved. 
rotate.jpg was stored.
HSSOE.ppm was read.
Image was successfully rotated.
hflip.ppm was saved. 
hflip.jpg was stored.
HSSOE.ppm was read.
Image was successfully resized by 60%.
smallresize.ppm was saved. 
smallresize.jpg was stored.
HSSOE.ppm was read.
Image was successfully resized by 170%.
bigresize.ppm was saved. 
bigresize.jpg was stored.
HSSOE.ppm was read.
Image saturation successfully modified to 90.00%
saturate.ppm was saved. 
saturate.jpg was stored.
==59872== 
==59872== HEAP SUMMARY:
==59872==     in use at exit: 0 bytes in 0 blocks
==59872==   total heap usage: 87 allocs, 87 frees, 12,433,072 bytes allocated
==59872== 
==59872== All heap blocks were freed -- no leaks are possible
==59872== 
==59872== For counts of detected and suppressed errors, rerun with: -v
==59872== ERROR SUMMARY: 0 errors from 0 contexts (suppressed: 8 from 6)
[rmagdalu@bondi hw4]$ make clean
rm -f *.o *.a *.jpg bw.ppm edge.ppm shuffle.ppm brightness.ppm hmirror.ppm hue.ppm rotate.ppm hflip.ppm saturate.ppm smallresize.ppm bigresize.ppm 
rm -f PhotoLab
rm -f PhotoLabTest
[rmagdalu@bondi hw4]$ exit
exit

Script done on Sun 25 Nov 2018 10:34:43 PM PST
